Archive member included to satisfy reference by file (symbol)

C:/NXP/MCUXpressoIDE_25.6.136/ide/plugins/com.nxp.mcuxpresso.tools.win32_25.6.0.202501151204/tools/bin/../lib/gcc/arm-none-eabi/14.2.1/../../../../arm-none-eabi/lib/thumb/v8-m.main+fp/hard\libcr_semihost_nf.a(_cr__main.o)
                              ./startup/startup_mcxn947_cm33_core0.o (__main)
C:/NXP/MCUXpressoIDE_25.6.136/ide/plugins/com.nxp.mcuxpresso.tools.win32_25.6.0.202501151204/tools/bin/../lib/gcc/arm-none-eabi/14.2.1/../../../../arm-none-eabi/lib/thumb/v8-m.main+fp/hard\libcr_c.a(memset.o)
                              ./drivers/fsl_ctimer.o (memset)
C:/NXP/MCUXpressoIDE_25.6.136/ide/plugins/com.nxp.mcuxpresso.tools.win32_25.6.0.202501151204/tools/bin/../lib/gcc/arm-none-eabi/14.2.1/../../../../arm-none-eabi/lib/thumb/v8-m.main+fp/hard\libcr_c.a(alloc.o)
                              ./drivers/fsl_common.o (malloc)
C:/NXP/MCUXpressoIDE_25.6.136/ide/plugins/com.nxp.mcuxpresso.tools.win32_25.6.0.202501151204/tools/bin/../lib/gcc/arm-none-eabi/14.2.1/../../../../arm-none-eabi/lib/thumb/v8-m.main+fp/hard\libcr_c.a(atan2.o)
                              ./source/main.o (atan2)
C:/NXP/MCUXpressoIDE_25.6.136/ide/plugins/com.nxp.mcuxpresso.tools.win32_25.6.0.202501151204/tools/bin/../lib/gcc/arm-none-eabi/14.2.1/../../../../arm-none-eabi/lib/thumb/v8-m.main+fp/hard\libcr_c.a(errno.o)
                              ./utilities/str/fsl_str.o (errno)
C:/NXP/MCUXpressoIDE_25.6.136/ide/plugins/com.nxp.mcuxpresso.tools.win32_25.6.0.202501151204/tools/bin/../lib/gcc/arm-none-eabi/14.2.1/../../../../arm-none-eabi/lib/thumb/v8-m.main+fp/hard\libcr_c.a(fabs.o)
                              C:/NXP/MCUXpressoIDE_25.6.136/ide/plugins/com.nxp.mcuxpresso.tools.win32_25.6.0.202501151204/tools/bin/../lib/gcc/arm-none-eabi/14.2.1/../../../../arm-none-eabi/lib/thumb/v8-m.main+fp/hard\libcr_c.a(atan2.o) (fabs)
C:/NXP/MCUXpressoIDE_25.6.136/ide/plugins/com.nxp.mcuxpresso.tools.win32_25.6.0.202501151204/tools/bin/../lib/gcc/arm-none-eabi/14.2.1/../../../../arm-none-eabi/lib/thumb/v8-m.main+fp/hard\libcr_c.a(initio.o)
                              C:/NXP/MCUXpressoIDE_25.6.136/ide/plugins/com.nxp.mcuxpresso.tools.win32_25.6.0.202501151204/tools/bin/../lib/gcc/arm-none-eabi/14.2.1/../../../../arm-none-eabi/lib/thumb/v8-m.main+fp/hard\libcr_semihost_nf.a(_cr__main.o) (_initio)
C:/NXP/MCUXpressoIDE_25.6.136/ide/plugins/com.nxp.mcuxpresso.tools.win32_25.6.0.202501151204/tools/bin/../lib/gcc/arm-none-eabi/14.2.1/../../../../arm-none-eabi/lib/thumb/v8-m.main+fp/hard\libcr_c.a(printf.o)
                              ./utilities/fsl_assert.o (_printf)
C:/NXP/MCUXpressoIDE_25.6.136/ide/plugins/com.nxp.mcuxpresso.tools.win32_25.6.0.202501151204/tools/bin/../lib/gcc/arm-none-eabi/14.2.1/../../../../arm-none-eabi/lib/thumb/v8-m.main+fp/hard\libcr_c.a(scanf.o)
                              ./utilities/str/fsl_str.o (strtoul)
C:/NXP/MCUXpressoIDE_25.6.136/ide/plugins/com.nxp.mcuxpresso.tools.win32_25.6.0.202501151204/tools/bin/../lib/gcc/arm-none-eabi/14.2.1/../../../../arm-none-eabi/lib/thumb/v8-m.main+fp/hard\libcr_c.a(setvbuf.o)
                              C:/NXP/MCUXpressoIDE_25.6.136/ide/plugins/com.nxp.mcuxpresso.tools.win32_25.6.0.202501151204/tools/bin/../lib/gcc/arm-none-eabi/14.2.1/../../../../arm-none-eabi/lib/thumb/v8-m.main+fp/hard\libcr_c.a(initio.o) (setvbuf)
C:/NXP/MCUXpressoIDE_25.6.136/ide/plugins/com.nxp.mcuxpresso.tools.win32_25.6.0.202501151204/tools/bin/../lib/gcc/arm-none-eabi/14.2.1/../../../../arm-none-eabi/lib/thumb/v8-m.main+fp/hard\libcr_c.a(sin.o)
                              ./source/main.o (sin)
C:/NXP/MCUXpressoIDE_25.6.136/ide/plugins/com.nxp.mcuxpresso.tools.win32_25.6.0.202501151204/tools/bin/../lib/gcc/arm-none-eabi/14.2.1/../../../../arm-none-eabi/lib/thumb/v8-m.main+fp/hard\libcr_c.a(sqrt.o)
                              ./source/main.o (sqrt)
C:/NXP/MCUXpressoIDE_25.6.136/ide/plugins/com.nxp.mcuxpresso.tools.win32_25.6.0.202501151204/tools/bin/../lib/gcc/arm-none-eabi/14.2.1/../../../../arm-none-eabi/lib/thumb/v8-m.main+fp/hard\libcr_c.a(strlen.o)
                              ./utilities/str/fsl_str.o (strlen)
C:/NXP/MCUXpressoIDE_25.6.136/ide/plugins/com.nxp.mcuxpresso.tools.win32_25.6.0.202501151204/tools/bin/../lib/gcc/arm-none-eabi/14.2.1/../../../../arm-none-eabi/lib/thumb/v8-m.main+fp/hard\libcr_c.a(ungetc.o)
                              C:/NXP/MCUXpressoIDE_25.6.136/ide/plugins/com.nxp.mcuxpresso.tools.win32_25.6.0.202501151204/tools/bin/../lib/gcc/arm-none-eabi/14.2.1/../../../../arm-none-eabi/lib/thumb/v8-m.main+fp/hard\libcr_c.a(scanf.o) (ungetc)
C:/NXP/MCUXpressoIDE_25.6.136/ide/plugins/com.nxp.mcuxpresso.tools.win32_25.6.0.202501151204/tools/bin/../lib/gcc/arm-none-eabi/14.2.1/../../../../arm-none-eabi/lib/thumb/v8-m.main+fp/hard\libcr_c.a(__fillbuf.o)
[...]
Memory Configuration

Name             Origin             Length             Attributes
PROGRAM_FLASH0   0x00000000         0x00100000         xr
PROGRAM_FLASH1   0x00100000         0x00100000         xr
SRAM             0x20000000         0x00060000         xrw
SRAMX            0x04000000         0x00018000         xrw
SRAMH            0x20060000         0x00008000         xrw
USB_RAM          0x400ba000         0x00001000         xrw
*default*        0x00000000         0xffffffff

Linker script and memory map

LOAD ./utilities/str/fsl_str.o
LOAD ./utilities/debug_console_lite/fsl_debug_console.o
LOAD ./utilities/fsl_assert.o
LOAD ./utilities/fsl_memcpy.o
LOAD ./startup/boot_multicore_slave.o
LOAD ./startup/startup_mcxn947_cm33_core0.o
LOAD ./source/esc.o
LOAD ./source/hbridge.o
LOAD ./source/main.o
LOAD ./source/pixy.o
LOAD ./source/semihost_hardfault.o
LOAD ./source/servo.o
LOAD ./source/simple_movement.o
LOAD ./drivers/fsl_clock.o
LOAD ./drivers/fsl_common.o
LOAD ./drivers/fsl_common_arm.o
LOAD ./drivers/fsl_ctimer.o
LOAD ./drivers/fsl_edma.o
LOAD ./drivers/fsl_edma_soc.o
LOAD ./drivers/fsl_gpio.o
LOAD ./drivers/fsl_inputmux.o
LOAD ./drivers/fsl_lpflexcomm.o
LOAD ./drivers/fsl_lpi2c.o
LOAD ./drivers/fsl_lpi2c_cmsis.o
LOAD ./drivers/fsl_lpi2c_edma.o
LOAD ./drivers/fsl_lpuart.o
LOAD ./drivers/fsl_pwm.o
LOAD ./drivers/fsl_reset.o
LOAD ./drivers/fsl_spc.o
LOAD ./device/system_MCXN947_cm33_core0.o
LOAD ./component/uart/fsl_adapter_lpuart.o
LOAD ./board/board.o
LOAD ./board/clock_config.o
LOAD ./board/hardware_init.o
LOAD ./board/peripherals.o
LOAD ./board/pin_mux.o
START GROUP
LOAD C:/NXP/MCUXpressoIDE_25.6.136/ide/plugins/com.nxp.mcuxpresso.tools.win32_25.6.0.202501151204/tools/bin/../lib/gcc/arm-none-eabi/14.2.1/../../../../arm-none-eabi/lib/thumb/v8-m.main+fp/hard\libcr_semihost_nf.a
LOAD C:/NXP/MCUXpressoIDE_25.6.136/ide/plugins/com.nxp.mcuxpresso.tools.win32_25.6.0.202501151204/tools/bin/../lib/gcc/arm-none-eabi/14.2.1/../../../../arm-none-eabi/lib/thumb/v8-m.main+fp/hard\libcr_c.a
LOAD C:/NXP/MCUXpressoIDE_25.6.136/ide/plugins/com.nxp.mcuxpresso.tools.win32_25.6.0.202501151204/tools/bin/../lib/gcc/arm-none-eabi/14.2.1/thumb/v8-m.main+fp/hard\libcr_eabihelpers.a
LOAD C:/NXP/MCUXpressoIDE_25.6.136/ide/plugins/com.nxp.mcuxpresso.tools.win32_25.6.0.202501151204/tools/bin/../lib/gcc/arm-none-eabi/14.2.1/thumb/v8-m.main+fp/hard\libgcc.a
END GROUP
                0x00000000                        __base_PROGRAM_FLASH0 = 0x0
                0x00000000                        __base_Flash = 0x0
                0x00100000                        __top_PROGRAM_FLASH0 = 0x100000
                0x00100000                        __top_Flash = 0x100000
                0x00100000                        __base_PROGRAM_FLASH1 = 0x100000
                0x00100000                        __base_Flash2 = 0x100000
                0x00200000                        __top_PROGRAM_FLASH1 = 0x200000
                0x00200000                        __top_Flash2 = 0x200000
                0x20000000                        __base_SRAM = 0x20000000
                0x20000000                        __base_RAM = 0x20000000
                0x20060000                        __top_SRAM = 0x20060000
                0x20060000                        __top_RAM = 0x20060000
                0x04000000                        __base_SRAMX = 0x4000000
                0x04000000                        __base_RAM2 = 0x4000000
                0x04018000                        __top_SRAMX = 0x4018000
                0x04018000                        __top_RAM2 = 0x4018000
                0x20060000                        __base_SRAMH = 0x20060000
                0x20060000                        __base_RAM3 = 0x20060000
                0x20068000                        __top_SRAMH = 0x20068000
                0x20068000                        __top_RAM3 = 0x20068000
                0x400ba000                        __base_USB_RAM = 0x400ba000
                0x400ba000                        __base_RAM4 = 0x400ba000
                0x400bb000                        __top_USB_RAM = 0x400bb000
                0x400bb000                        __top_RAM4 = 0x400bb000

.text_Flash2    0x00100000        0x0
 FILL mask 0xff
 *(SORT_BY_ALIGNMENT(.text_Flash2))
 *(SORT_BY_ALIGNMENT(.text_PROGRAM_FLASH1))
 *(SORT_BY_ALIGNMENT(.text.$Flash2))
 *(SORT_BY_ALIGNMENT(.text.$PROGRAM_FLASH1))
 *(SORT_BY_ALIGNMENT(.text_Flash2.*))
 *(SORT_BY_ALIGNMENT(.text_PROGRAM_FLASH1.*))
 *(SORT_BY_ALIGNMENT(.text.$Flash2.*))
 *(SORT_BY_ALIGNMENT(.text.$PROGRAM_FLASH1.*))
 *(SORT_BY_ALIGNMENT(.rodata.$Flash2))
 *(SORT_BY_ALIGNMENT(.rodata.$PROGRAM_FLASH1))
 *(SORT_BY_ALIGNMENT(.rodata.$Flash2.*))
 *(SORT_BY_ALIGNMENT(.rodata.$PROGRAM_FLASH1.*))

.text           0x00000000     0x5e20
 FILL mask 0xff
                0x00000000                        __vectors_start__ = ABSOLUTE (.)
 *(SORT_BY_ALIGNMENT(.isr_vector))
 .isr_vector    0x00000000      0x2b0 ./startup/startup_mcxn947_cm33_core0.o
                0x00000000                g_pfnVectors
                0x00000000                __Vectors
                0x000002b0                        . = ALIGN (0x4)
                0x000002b0                        __section_table_start = .
                0x000002b0                        __data_section_table = .
                0x000002b0        0x4 LONG 0x5e20 LOADADDR (.data)
                0x000002b4        0x4 LONG 0x20000000 ADDR (.data)
                0x000002b8        0x4 LONG 0x54 SIZEOF (.data)
                0x000002bc        0x4 LONG 0x5e20 LOADADDR (.data_RAM2)
                0x000002c0        0x4 LONG 0x4000000 ADDR (.data_RAM2)
                0x000002c4        0x4 LONG 0x0 SIZEOF (.data_RAM2)
                0x000002c8        0x4 LONG 0x5e20 LOADADDR (.data_RAM3)
                0x000002cc        0x4 LONG 0x20060000 ADDR (.data_RAM3)
                0x000002d0        0x4 LONG 0x0 SIZEOF (.data_RAM3)
                0x000002d4        0x4 LONG 0x5e20 LOADADDR (.data_RAM4)
                0x000002d8        0x4 LONG 0x400ba000 ADDR (.data_RAM4)
                0x000002dc        0x4 LONG 0x0 SIZEOF (.data_RAM4)
                0x000002e0                        __data_section_table_end = .
                0x000002e0                        __bss_section_table = .
                0x000002e0        0x4 LONG 0x20000054 ADDR (.bss)
                0x000002e4        0x4 LONG 0x3c4 SIZEOF (.bss)
                0x000002e8        0x4 LONG 0x4000000 ADDR (.bss_RAM2)
                0x000002ec        0x4 LONG 0x0 SIZEOF (.bss_RAM2)
                0x000002f0        0x4 LONG 0x20060000 ADDR (.bss_RAM3)
                0x000002f4        0x4 LONG 0x0 SIZEOF (.bss_RAM3)
                0x000002f8        0x4 LONG 0x400ba000 ADDR (.bss_RAM4)
                0x000002fc        0x4 LONG 0x0 SIZEOF (.bss_RAM4)
                0x00000300                        __bss_section_table_end = .
                0x00000300                        __section_table_end = .
 *(SORT_BY_ALIGNMENT(.after_vectors*))
 .after_vectors.reset
                0x00000300       0x68 ./startup/startup_mcxn947_cm33_core0.o
                0x00000300                ResetISR
 .after_vectors.init_data
                0x00000368       0x1e ./startup/startup_mcxn947_cm33_core0.o
                0x00000368                data_init
 .after_vectors.init_bss
                0x00000386       0x12 ./startup/startup_mcxn947_cm33_core0.o
                0x00000386                bss_init
 .after_vectors
                0x00000398       0x16 ./startup/startup_mcxn947_cm33_core0.o
                0x00000398                NMI_Handler
                0x0000039c                MemManage_Handler
                0x0000039e                BusFault_Handler
                0x000003a0                UsageFault_Handler
                0x000003a2                SecureFault_Handler
                0x000003a4                SVC_Handler
                0x000003a6                DebugMon_Handler
                0x000003a8                PendSV_Handler
                0x000003aa                SysTick_Handler
                0x000003ac                CMC0_DriverIRQHandler
                0x000003ac                PKC_ERR_DriverIRQHandler
                0x000003ac                SCG_DriverIRQHandler
                0x000003ac                FLEXPWM1_SUBMODULE1_DriverIRQHandler
                0x000003ac                FLEXPWM0_SUBMODULE1_DriverIRQHandler
                0x000003ac                LPTMR0_DriverIRQHandler
                0x000003ac                QDC1_HOME_DriverIRQHandler
                0x000003ac                I3C0_DriverIRQHandler
                0x000003ac                FLEXPWM0_RELOAD_ERROR_DriverIRQHandler
                0x000003ac                QDC0_HOME_DriverIRQHandler
                0x000003ac                Reserved167_DriverIRQHandler
                0x000003ac                SEC_VIO_DriverIRQHandler
                0x000003ac                ERM_MULTI_BIT_ERROR_DriverIRQHandler
                0x000003ac                GPIO31_DriverIRQHandler
                0x000003ac                EWM0_DriverIRQHandler
                0x000003ac                PKC_DriverIRQHandler
                0x000003ac                USB1_HS_PHY_DriverIRQHandler
                0x000003ac                QDC0_IDX_DriverIRQHandler
                0x000003ac                ELS_DriverIRQHandler
                0x000003ac                Reserved166_DriverIRQHandler
                0x000003ac                ETHERNET_DriverIRQHandler
                0x000003ac                QDC1_IDX_DriverIRQHandler
                0x000003ac                FLEXPWM1_SUBMODULE3_DriverIRQHandler
                0x000003ac                DAC1_DriverIRQHandler
                0x000003ac                EMVSIM0_DriverIRQHandler
                0x000003ac                ITRC0_DriverIRQHandler
                0x000003ac                ETB0_DriverIRQHandler
                0x000003ac                Freqme_DriverIRQHandler
                0x000003ac                Reserved80_DriverIRQHandler
                0x000003ac                USB0_FS_DriverIRQHandler
                0x000003ac                ELS_ERR_DriverIRQHandler
                0x000003ac                FLEXIO_DriverIRQHandler
                0x000003ac                DAC0_DriverIRQHandler
                0x000003ac                MRT0_DriverIRQHandler
                0x000003ac                UTICK0_DriverIRQHandler
                0x000003ac                FLEXPWM0_SUBMODULE2_DriverIRQHandler
                0x000003ac                GPIO01_DriverIRQHandler
                0x000003ac                WWDT0_DriverIRQHandler
                0x000003ac                USDHC0_DriverIRQHandler
                0x000003ac                GPIO00_DriverIRQHandler
                0x000003ac                GPIO11_DriverIRQHandler
                0x000003ac                BSP32_DriverIRQHandler
                0x000003ac                FLEXPWM0_FAULT_DriverIRQHandler
                0x000003ac                SAI1_DriverIRQHandler
                0x000003ac                ERM_SINGLE_BIT_ERROR_DriverIRQHandler
                0x000003ac                GPIO21_DriverIRQHandler
                0x000003ac                FLEXPWM1_FAULT_DriverIRQHandler
                0x000003ac                GPIO30_DriverIRQHandler
                0x000003ac                QDC0_COMPARE_DriverIRQHandler
                0x000003ac                WWDT1_DriverIRQHandler
                0x000003ac                ADC1_DriverIRQHandler
                0x000003ac                PQ_DriverIRQHandler
                0x000003ac                ETHERNET_MACLP_DriverIRQHandler
                0x000003ac                USB0_DCD_DriverIRQHandler
                0x000003ac                MAILBOX_DriverIRQHandler
                0x000003ac                WUU_DriverIRQHandler
                0x000003ac                FLEXPWM1_SUBMODULE0_DriverIRQHandler
                0x000003ac                CDOG1_DriverIRQHandler
                0x000003ac                TSI_OUT_OF_SCAN_DriverIRQHandler
                0x000003ac                PUF_DriverIRQHandler
                0x000003ac                SPC_DriverIRQHandler
                0x000003ac                RTC_DriverIRQHandler
                0x000003ac                VBAT0_DriverIRQHandler
                0x000003ac                Reserved65_DriverIRQHandler
                0x000003ac                HSCMP2_DriverIRQHandler
                0x000003ac                PINT0_DriverIRQHandler
                0x000003ac                PDM_EVENT_DriverIRQHandler
                0x000003ac                IntDefaultHandler
                0x000003ac                ETHERNET_PMT_DriverIRQHandler
                0x000003ac                FLEXPWM1_RELOAD_ERROR_DriverIRQHandler
                0x000003ac                FMU0_DriverIRQHandler
                0x000003ac                QDC1_COMPARE_DriverIRQHandler
                0x000003ac                LPTMR1_DriverIRQHandler
                0x000003ac                GPIO40_DriverIRQHandler
                0x000003ac                CTI0_DriverIRQHandler
                0x000003ac                FLEXPWM1_SUBMODULE2_DriverIRQHandler
                0x000003ac                GPIO20_DriverIRQHandler
                0x000003ac                QDC1_WDG_SAB_DriverIRQHandler
                0x000003ac                GDET_DriverIRQHandler
                0x000003ac                PORT_EFT_DriverIRQHandler
                0x000003ac                Reserved85_DriverIRQHandler
                0x000003ac                Reserved81_DriverIRQHandler
                0x000003ac                TSI_END_OF_SCAN_DriverIRQHandler
                0x000003ac                FLEXPWM0_SUBMODULE3_DriverIRQHandler
                0x000003ac                ADC0_DriverIRQHandler
                0x000003ac                OR_DriverIRQHandler
                0x000003ac                USB1_HS_DriverIRQHandler
                0x000003ac                DAC2_DriverIRQHandler
                0x000003ac                GPIO51_DriverIRQHandler
                0x000003ac                HSCMP0_DriverIRQHandler
                0x000003ac                QDC0_WDG_SAB_DriverIRQHandler
                0x000003ac                CDOG0_DriverIRQHandler
                0x000003ac                CAN0_DriverIRQHandler
                0x000003ac                SMARTDMA_DriverIRQHandler
                0x000003ac                SAI0_DriverIRQHandler
                0x000003ac                EMVSIM1_DriverIRQHandler
                0x000003ac                I3C1_DriverIRQHandler
                0x000003ac                HSCMP1_DriverIRQHandler
                0x000003ac                FLEXSPI0_DriverIRQHandler
                0x000003ac                GPIO50_DriverIRQHandler
                0x000003ac                GPIO10_DriverIRQHandler
                0x000003ac                SCT0_DriverIRQHandler
                0x000003ac                CAN1_DriverIRQHandler
                0x000003ac                PLU_DriverIRQHandler
                0x000003ac                FLEXPWM0_SUBMODULE0_DriverIRQHandler
                0x000003ac                OS_EVENT_DriverIRQHandler
                0x000003ac                SINC_FILTER_DriverIRQHandler
                0x000003ac                NPU_DriverIRQHandler
                0x000003ac                GPIO41_DriverIRQHandler
                0x000003ac                SEC_HYPERVISOR_CALL_DriverIRQHandler
 *(SORT_BY_ALIGNMENT(.text*))
 *fill*         0x000003ae        0x2 ff
 .text.__assertion_failed
                0x000003b0       0x2c ./utilities/fsl_assert.o
                0x000003b0                __assertion_failed
 .text.HbridgeInit
                0x000003dc       0x6c ./source/hbridge.o
                0x000003dc                HbridgeInit
 .text.HbridgeSpeed
                0x00000448       0x70 ./source/hbridge.o
                0x00000448                HbridgeSpeed
 .text.main     0x000004b8       0x50 ./source/main.o
                0x000004b8                main
 .text.CLOCK_IsPLL0Locked
                0x00000508       0x28 ./drivers/fsl_clock.o
 .text.CLOCK_SetupFROHFClocking
                0x00000530       0x9c ./drivers/fsl_clock.o
                0x00000530                CLOCK_SetupFROHFClocking
 .text.CLOCK_SetPll0MonitorMode
                0x000005cc       0x38 ./drivers/fsl_clock.o
                0x000005cc                CLOCK_SetPll0MonitorMode
 .text.CLOCK_AttachClk
                0x00000604       0xb0 ./drivers/fsl_clock.o
                0x00000604                CLOCK_AttachClk
 .text.CLOCK_SetClkDiv
                0x000006b4       0x54 ./drivers/fsl_clock.o
                0x000006b4                CLOCK_SetClkDiv
 .text.CLOCK_GetPLL0InClockRate
                0x00000708       0x5c ./drivers/fsl_clock.o
                0x00000708                CLOCK_GetPLL0InClockRate
 .text.CLOCK_SetPLL0Freq
                0x00000764      0x10c ./drivers/fsl_clock.o
                0x00000764                CLOCK_SetPLL0Freq
 .text.CLOCK_GetClk48MFreq
                0x00000870       0x2c ./drivers/fsl_clock.o
 .text.CLOCK_GetExtClkFreq
                0x0000089c       0x2c ./drivers/fsl_clock.o
 .text.CLOCK_GetOsc32KFreq
                0x000008c8       0x4c ./drivers/fsl_clock.o
 .text.findPll0PreDiv
                0x00000914       0x40 ./drivers/fsl_clock.o
 .text.findPll0PostDiv
                0x00000954       0x60 ./drivers/fsl_clock.o
 .text.findPll0MMult
                0x000009b4       0xac ./drivers/fsl_clock.o
 .text.__NVIC_EnableIRQ
                0x00000a60       0x3c ./drivers/fsl_ctimer.o
 .text.CTIMER_GetInstance
                0x00000a9c       0x54 ./drivers/fsl_ctimer.o
 .text.CTIMER_Init
                0x00000af0       0x80 ./drivers/fsl_ctimer.o
                0x00000af0                CTIMER_Init
 .text.CTIMER_SetupPwmPeriod
                0x00000b70       0xd8 ./drivers/fsl_ctimer.o
                0x00000b70                CTIMER_SetupPwmPeriod
 .text.CTIMER_UpdatePwmDutycycle
                0x00000c48       0xc4 ./drivers/fsl_ctimer.o
                0x00000c48                CTIMER_UpdatePwmDutycycle
 .text.CTIMER_GenericIRQHandler
                0x00000d0c       0xb4 ./drivers/fsl_ctimer.o
 .text.__NVIC_EnableIRQ
                0x00000dc0       0x3c ./drivers/fsl_edma.o
 .text.EDMA_SetChannelMux
                0x00000dfc       0x4c ./drivers/fsl_edma.o
 .text.EDMA_EnableChannelMasterIDReplication
                0x00000e48       0x70 ./drivers/fsl_edma.o
 .text.EDMA_SetChannelSecurityLevel
                0x00000eb8       0x70 ./drivers/fsl_edma.o
 .text.EDMA_SetChannelProtectionLevel
                0x00000f28       0x70 ./drivers/fsl_edma.o
 .text.EDMA_GetInstance
                0x00000f98       0x4c ./drivers/fsl_edma.o
 .text.EDMA_Init
                0x00000fe4       0xdc ./drivers/fsl_edma.o
                0x00000fe4                EDMA_Init
 .text.EDMA_InitChannel
                0x000010c0       0x70 ./drivers/fsl_edma.o
                0x000010c0                EDMA_InitChannel
 .text.EDMA_SetChannelPreemptionConfig
                0x00001130       0x6c ./drivers/fsl_edma.o
                0x00001130                EDMA_SetChannelPreemptionConfig
 .text.EDMA_TcdResetExt
                0x0000119c       0x78 ./drivers/fsl_edma.o
                0x0000119c                EDMA_TcdResetExt
 .text.EDMA_CreateHandle
                0x00001214       0xfc ./drivers/fsl_edma.o
                0x00001214                EDMA_CreateHandle
 .text.EDMA_SetCallback
                0x00001310       0x30 ./drivers/fsl_edma.o
                0x00001310                EDMA_SetCallback
 .text.EDMA_StopTransfer
                0x00001340       0x34 ./drivers/fsl_edma.o
                0x00001340                EDMA_StopTransfer
 .text.EDMA_HandleIRQ
                0x00001374      0x1a4 ./drivers/fsl_edma.o
                0x00001374                EDMA_HandleIRQ
 .text.EDMA_DriverIRQHandler
                0x00001518       0x4c ./drivers/fsl_edma.o
                0x00001518                EDMA_DriverIRQHandler
 .text.GPIO_GetInstance
                0x00001564       0x4c ./drivers/fsl_gpio.o
 .text.GPIO_PortClockEnable
                0x000015b0       0x54 ./drivers/fsl_gpio.o
 .text.GPIO_PinInit
                0x00001604       0x6c ./drivers/fsl_gpio.o
                0x00001604                GPIO_PinInit
 .text.LP_FLEXCOMM_GetBaseAddress
                0x00001670       0x2c ./drivers/fsl_lpflexcomm.o
                0x00001670                LP_FLEXCOMM_GetBaseAddress
 .text.LP_FLEXCOMM_GetInterruptStatus
                0x0000169c       0x28 ./drivers/fsl_lpflexcomm.o
                0x0000169c                LP_FLEXCOMM_GetInterruptStatus
 .text.LP_FLEXCOMM_SetPeriph
                0x000016c4       0x94 ./drivers/fsl_lpflexcomm.o
 .text.LP_FLEXCOMM_Init
                0x00001758       0x58 ./drivers/fsl_lpflexcomm.o
                0x00001758                LP_FLEXCOMM_Init
 .text.LP_FLEXCOMM_SetIRQHandler
                0x000017b0       0x70 ./drivers/fsl_lpflexcomm.o
                0x000017b0                LP_FLEXCOMM_SetIRQHandler
 .text.LP_FLEXCOMM_CommonIRQHandler
                0x00001820       0xb8 ./drivers/fsl_lpflexcomm.o
 .text.LPI2C_GetInstance
                0x000018d8       0x4c ./drivers/fsl_lpi2c.o
                0x000018d8                LPI2C_GetInstance
 .text.LPI2C_GetCyclesForWidth
                0x00001924       0x9c ./drivers/fsl_lpi2c.o
 .text.LPI2C_MasterInit
                0x000019c0      0x208 ./drivers/fsl_lpi2c.o
                0x000019c0                LPI2C_MasterInit
 .text.LPI2C_MasterSetBaudRate
                0x00001bc8      0x2c4 ./drivers/fsl_lpi2c.o
                0x00001bc8                LPI2C_MasterSetBaudRate
 .text.__NVIC_EnableIRQ
                0x00001e8c       0x3c ./drivers/fsl_lpi2c_edma.o
 .text.LPI2C_MasterCreateEDMAHandle
                0x00001ec8       0xe4 ./drivers/fsl_lpi2c_edma.o
                0x00001ec8                LPI2C_MasterCreateEDMAHandle
 .text.LPI2C_MasterTransferEdmaHandleIRQ
                0x00001fac      0x104 ./drivers/fsl_lpi2c_edma.o
 .text.RESET_SetPeripheralReset
                0x000020b0       0x64 ./drivers/fsl_reset.o
                0x000020b0                RESET_SetPeripheralReset
 .text.RESET_ClearPeripheralReset
                0x00002114       0x64 ./drivers/fsl_reset.o
                0x00002114                RESET_ClearPeripheralReset
 .text.SPC_SetSRAMOperateVoltage
                0x00002178       0x58 ./drivers/fsl_spc.o
                0x00002178                SPC_SetSRAMOperateVoltage
 .text.SPC_SetActiveModeCoreLDORegulatorConfig
                0x000021d0       0x94 ./drivers/fsl_spc.o
                0x000021d0                SPC_SetActiveModeCoreLDORegulatorConfig
 .text.SPC_SetActiveModeDCDCRegulatorConfig
                0x00002264       0x68 ./drivers/fsl_spc.o
                0x00002264                SPC_SetActiveModeDCDCRegulatorConfig
 .text.SystemInit
                0x000022cc      0x124 ./device/system_MCXN947_cm33_core0.o
                0x000022cc                SystemInit
 .text.BOARD_InitDebugConsole
                0x000023f0       0x2c ./board/board.o
                0x000023f0                BOARD_InitDebugConsole
 .text.BOARD_BootClockPLL150M
                0x0000241c      0x174 ./board/clock_config.o
                0x0000241c                BOARD_BootClockPLL150M
 .text.__NVIC_EnableIRQ
                0x00002590       0x3c ./board/peripherals.o
 .text.__NVIC_SetPriority
                0x000025cc       0x54 ./board/peripherals.o
 .text.EDMA_SetChannelMux
                0x00002620       0x4c ./board/peripherals.o
 .text.CTIMER0_init
                0x0000266c       0x54 ./board/peripherals.o
 .text.CTIMER2_init
                0x000026c0       0x3c ./board/peripherals.o
 .text.LP_FLEXCOMM2_init
                0x000026fc       0x70 ./board/peripherals.o
 .text.CTIMER4_init
                0x0000276c       0x18 ./board/peripherals.o
 .text.CTIMER1_init
                0x00002784       0x3c ./board/peripherals.o
 .text.LP_FLEXCOMM0_init
                0x000027c0       0x20 ./board/peripherals.o
 .text.BOARD_InitPeripherals
                0x000027e0       0x48 ./board/peripherals.o
                0x000027e0                BOARD_InitPeripherals
 .text.PORT_SetPinConfig
                0x00002828       0x38 ./board/pin_mux.o
 .text.BOARD_InitPins
                0x00002860      0x1b4 ./board/pin_mux.o
                0x00002860                BOARD_InitPins
 .text.malloc   0x00002a14       0xc8 C:/NXP/MCUXpressoIDE_25.6.136/ide/plugins/com.nxp.mcuxpresso.tools.win32_25.6.0.202501151204/tools/bin/../lib/gcc/arm-none-eabi/14.2.1/../../../../arm-none-eabi/lib/thumb/v8-m.main+fp/hard\libcr_c.a(alloc.o)
                0x00002a14                malloc
 .text._Csys_alloc
                0x00002adc       0x20 C:/NXP/MCUXpressoIDE_25.6.136/ide/plugins/com.nxp.mcuxpresso.tools.win32_25.6.0.202501151204/tools/bin/../lib/gcc/arm-none-eabi/14.2.1/../../../../arm-none-eabi/lib/thumb/v8-m.main+fp/hard\libcr_c.a(alloc.o)
                0x00002adc                _Csys_alloc
 .text._initio  0x00002afc       0x78 C:/NXP/MCUXpressoIDE_25.6.136/ide/plugins/com.nxp.mcuxpresso.tools.win32_25.6.0.202501151204/tools/bin/../lib/gcc/arm-none-eabi/14.2.1/../../../../arm-none-eabi/lib/thumb/v8-m.main+fp/hard\libcr_c.a(initio.o)
                0x00002afc                _initio
 .text.__vfprintf
                0x00002b74      0xb64 C:/NXP/MCUXpressoIDE_25.6.136/ide/plugins/com.nxp.mcuxpresso.tools.win32_25.6.0.202501151204/tools/bin/../lib/gcc/arm-none-eabi/14.2.1/../../../../arm-none-eabi/lib/thumb/v8-m.main+fp/hard\libcr_c.a(printf.o)
                0x00002b74                __vfprintf
 .text._vsnprintf
                0x000036d8       0x68 C:/NXP/MCUXpressoIDE_25.6.136/ide/plugins/com.nxp.mcuxpresso.tools.win32_25.6.0.202501151204/tools/bin/../lib/gcc/arm-none-eabi/14.2.1/../../../../arm-none-eabi/lib/thumb/v8-m.main+fp/hard\libcr_c.a(printf.o)
                0x000036d8                _vsnprintf
 .text._printf  0x00003740       0x54 C:/NXP/MCUXpressoIDE_25.6.136/ide/plugins/com.nxp.mcuxpresso.tools.win32_25.6.0.202501151204/tools/bin/../lib/gcc/arm-none-eabi/14.2.1/../../../../arm-none-eabi/lib/thumb/v8-m.main+fp/hard\libcr_c.a(printf.o)
                0x00003740                _printf
 .text._sbrk    0x00003794       0x3c C:/NXP/MCUXpressoIDE_25.6.136/ide/plugins/com.nxp.mcuxpresso.tools.win32_25.6.0.202501151204/tools/bin/../lib/gcc/arm-none-eabi/14.2.1/../../../../arm-none-eabi/lib/thumb/v8-m.main+fp/hard\libcr_c.a(_cr_sbrk.o)
                0x00003794                _sbrk
 .text._Cwritebuf
                0x000037d0       0x70 C:/NXP/MCUXpressoIDE_25.6.136/ide/plugins/com.nxp.mcuxpresso.tools.win32_25.6.0.202501151204/tools/bin/../lib/gcc/arm-none-eabi/14.2.1/../../../../arm-none-eabi/lib/thumb/v8-m.main+fp/hard\libcr_c.a(_writebuf.o)
                0x000037d0                _Cwritebuf
 .text.fflush   0x00003840       0x3c C:/NXP/MCUXpressoIDE_25.6.136/ide/plugins/com.nxp.mcuxpresso.tools.win32_25.6.0.202501151204/tools/bin/../lib/gcc/arm-none-eabi/14.2.1/../../../../arm-none-eabi/lib/thumb/v8-m.main+fp/hard\libcr_c.a(fflush.o)
                0x00003840                fflush
 .text.fseek    0x0000387c       0xf8 C:/NXP/MCUXpressoIDE_25.6.136/ide/plugins/com.nxp.mcuxpresso.tools.win32_25.6.0.202501151204/tools/bin/../lib/gcc/arm-none-eabi/14.2.1/../../../../arm-none-eabi/lib/thumb/v8-m.main+fp/hard\libcr_c.a(fseek.o)
                0x0000387c                fseek
 .text.ftell    0x00003974       0x44 C:/NXP/MCUXpressoIDE_25.6.136/ide/plugins/com.nxp.mcuxpresso.tools.win32_25.6.0.202501151204/tools/bin/../lib/gcc/arm-none-eabi/14.2.1/../../../../arm-none-eabi/lib/thumb/v8-m.main+fp/hard\libcr_c.a(ftell.o)
                0x00003974                ftell
 .text.__check_heap_overflow
                0x000039b8       0x18 C:/NXP/MCUXpressoIDE_25.6.136/ide/plugins/com.nxp.mcuxpresso.tools.win32_25.6.0.202501151204/tools/bin/../lib/gcc/arm-none-eabi/14.2.1/../../../../arm-none-eabi/lib/thumb/v8-m.main+fp/hard\libcr_c.a(_cr_check_heap.o)
                0x000039b8                __check_heap_overflow
 .text.__sys_appexit
                0x000039d0        0xc C:/NXP/MCUXpressoIDE_25.6.136/ide/plugins/com.nxp.mcuxpresso.tools.win32_25.6.0.202501151204/tools/bin/../lib/gcc/arm-none-eabi/14.2.1/../../../../arm-none-eabi/lib/thumb/v8-m.main+fp/hard\libcr_semihost_nf.a(__sys_appexit.o)
                0x000039d0                __sys_appexit
                0x000039d0                __exit
 .text.fsl_assert_hook
                0x000039dc       0x1a ./utilities/fsl_assert.o
                0x000039dc                fsl_assert_hook
 .text.OR_IRQHandler
                0x000039f6        0x8 ./startup/startup_mcxn947_cm33_core0.o
                0x000039f6                OR_IRQHandler
 .text.EDMA_0_CH0_IRQHandler
                0x000039fe        0x8 ./startup/startup_mcxn947_cm33_core0.o
                0x000039fe                EDMA_0_CH0_IRQHandler
 .text.EDMA_0_CH1_IRQHandler
                0x00003a06        0x8 ./startup/startup_mcxn947_cm33_core0.o
                0x00003a06                EDMA_0_CH1_IRQHandler
 .text.EDMA_0_CH2_IRQHandler
                0x00003a0e        0x8 ./startup/startup_mcxn947_cm33_core0.o
                0x00003a0e                EDMA_0_CH2_IRQHandler
 .text.EDMA_0_CH3_IRQHandler
                0x00003a16        0x8 ./startup/startup_mcxn947_cm33_core0.o
                0x00003a16                EDMA_0_CH3_IRQHandler
 .text.EDMA_0_CH4_IRQHandler
                0x00003a1e        0x8 ./startup/startup_mcxn947_cm33_core0.o
                0x00003a1e                EDMA_0_CH4_IRQHandler
 .text.EDMA_0_CH5_IRQHandler
                0x00003a26        0x8 ./startup/startup_mcxn947_cm33_core0.o
                0x00003a26                EDMA_0_CH5_IRQHandler
 .text.EDMA_0_CH6_IRQHandler
                0x00003a2e        0x8 ./startup/startup_mcxn947_cm33_core0.o
                0x00003a2e                EDMA_0_CH6_IRQHandler
 .text.EDMA_0_CH7_IRQHandler
                0x00003a36        0x8 ./startup/startup_mcxn947_cm33_core0.o
                0x00003a36                EDMA_0_CH7_IRQHandler
 .text.EDMA_0_CH8_IRQHandler
                0x00003a3e        0x8 ./startup/startup_mcxn947_cm33_core0.o
                0x00003a3e                EDMA_0_CH8_IRQHandler
 .text.EDMA_0_CH9_IRQHandler
                0x00003a46        0x8 ./startup/startup_mcxn947_cm33_core0.o
                0x00003a46                EDMA_0_CH9_IRQHandler
 .text.EDMA_0_CH10_IRQHandler
                0x00003a4e        0x8 ./startup/startup_mcxn947_cm33_core0.o
                0x00003a4e                EDMA_0_CH10_IRQHandler
 .text.EDMA_0_CH11_IRQHandler
                0x00003a56        0x8 ./startup/startup_mcxn947_cm33_core0.o
                0x00003a56                EDMA_0_CH11_IRQHandler
 .text.EDMA_0_CH12_IRQHandler
                0x00003a5e        0x8 ./startup/startup_mcxn947_cm33_core0.o
                0x00003a5e                EDMA_0_CH12_IRQHandler
 .text.EDMA_0_CH13_IRQHandler
                0x00003a66        0x8 ./startup/startup_mcxn947_cm33_core0.o
                0x00003a66                EDMA_0_CH13_IRQHandler
 .text.EDMA_0_CH14_IRQHandler
                0x00003a6e        0x8 ./startup/startup_mcxn947_cm33_core0.o
                0x00003a6e                EDMA_0_CH14_IRQHandler
 .text.EDMA_0_CH15_IRQHandler
                0x00003a76        0x8 ./startup/startup_mcxn947_cm33_core0.o
                0x00003a76                EDMA_0_CH15_IRQHandler
 .text.GPIO00_IRQHandler
                0x00003a7e        0x8 ./startup/startup_mcxn947_cm33_core0.o
                0x00003a7e                GPIO00_IRQHandler
 .text.GPIO01_IRQHandler
                0x00003a86        0x8 ./startup/startup_mcxn947_cm33_core0.o
                0x00003a86                GPIO01_IRQHandler
 .text.GPIO10_IRQHandler
                0x00003a8e        0x8 ./startup/startup_mcxn947_cm33_core0.o
                0x00003a8e                GPIO10_IRQHandler
 .text.GPIO11_IRQHandler
                0x00003a96        0x8 ./startup/startup_mcxn947_cm33_core0.o
                0x00003a96                GPIO11_IRQHandler
 .text.GPIO20_IRQHandler
                0x00003a9e        0x8 ./startup/startup_mcxn947_cm33_core0.o
                0x00003a9e                GPIO20_IRQHandler
 .text.GPIO21_IRQHandler
                0x00003aa6        0x8 ./startup/startup_mcxn947_cm33_core0.o
                0x00003aa6                GPIO21_IRQHandler
 .text.GPIO30_IRQHandler
                0x00003aae        0x8 ./startup/startup_mcxn947_cm33_core0.o
                0x00003aae                GPIO30_IRQHandler
 .text.GPIO31_IRQHandler
                0x00003ab6        0x8 ./startup/startup_mcxn947_cm33_core0.o
                0x00003ab6                GPIO31_IRQHandler
 .text.GPIO40_IRQHandler
                0x00003abe        0x8 ./startup/startup_mcxn947_cm33_core0.o
                0x00003abe                GPIO40_IRQHandler
 .text.GPIO41_IRQHandler
                0x00003ac6        0x8 ./startup/startup_mcxn947_cm33_core0.o
                0x00003ac6                GPIO41_IRQHandler
 .text.GPIO50_IRQHandler
                0x00003ace        0x8 ./startup/startup_mcxn947_cm33_core0.o
                0x00003ace                GPIO50_IRQHandler
 .text.GPIO51_IRQHandler
                0x00003ad6        0x8 ./startup/startup_mcxn947_cm33_core0.o
                0x00003ad6                GPIO51_IRQHandler
 .text.UTICK0_IRQHandler
                0x00003ade        0x8 ./startup/startup_mcxn947_cm33_core0.o
                0x00003ade                UTICK0_IRQHandler
 .text.MRT0_IRQHandler
                0x00003ae6        0x8 ./startup/startup_mcxn947_cm33_core0.o
                0x00003ae6                MRT0_IRQHandler
 .text.CTIMER0_IRQHandler
                0x00003aee        0x8 ./startup/startup_mcxn947_cm33_core0.o
                0x00003aee                CTIMER0_IRQHandler
 .text.CTIMER1_IRQHandler
                0x00003af6        0x8 ./startup/startup_mcxn947_cm33_core0.o
                0x00003af6                CTIMER1_IRQHandler
 .text.SCT0_IRQHandler
                0x00003afe        0x8 ./startup/startup_mcxn947_cm33_core0.o
                0x00003afe                SCT0_IRQHandler
 .text.CTIMER2_IRQHandler
                0x00003b06        0x8 ./startup/startup_mcxn947_cm33_core0.o
                0x00003b06                CTIMER2_IRQHandler
 .text.LP_FLEXCOMM0_IRQHandler
                0x00003b0e        0x8 ./startup/startup_mcxn947_cm33_core0.o
                0x00003b0e                LP_FLEXCOMM0_IRQHandler
 .text.LP_FLEXCOMM1_IRQHandler
                0x00003b16        0x8 ./startup/startup_mcxn947_cm33_core0.o
                0x00003b16                LP_FLEXCOMM1_IRQHandler
 .text.LP_FLEXCOMM2_IRQHandler
                0x00003b1e        0x8 ./startup/startup_mcxn947_cm33_core0.o
                0x00003b1e                LP_FLEXCOMM2_IRQHandler
 .text.LP_FLEXCOMM3_IRQHandler
                0x00003b26        0x8 ./startup/startup_mcxn947_cm33_core0.o
                0x00003b26                LP_FLEXCOMM3_IRQHandler
 .text.LP_FLEXCOMM4_IRQHandler
                0x00003b2e        0x8 ./startup/startup_mcxn947_cm33_core0.o
                0x00003b2e                LP_FLEXCOMM4_IRQHandler
 .text.LP_FLEXCOMM5_IRQHandler
                0x00003b36        0x8 ./startup/startup_mcxn947_cm33_core0.o
                0x00003b36                LP_FLEXCOMM5_IRQHandler
 .text.LP_FLEXCOMM6_IRQHandler
                0x00003b3e        0x8 ./startup/startup_mcxn947_cm33_core0.o
                0x00003b3e                LP_FLEXCOMM6_IRQHandler
 .text.LP_FLEXCOMM7_IRQHandler
                0x00003b46        0x8 ./startup/startup_mcxn947_cm33_core0.o
                0x00003b46                LP_FLEXCOMM7_IRQHandler
 .text.LP_FLEXCOMM8_IRQHandler
                0x00003b4e        0x8 ./startup/startup_mcxn947_cm33_core0.o
                0x00003b4e                LP_FLEXCOMM8_IRQHandler
 .text.LP_FLEXCOMM9_IRQHandler
                0x00003b56        0x8 ./startup/startup_mcxn947_cm33_core0.o
                0x00003b56                LP_FLEXCOMM9_IRQHandler
 .text.ADC0_IRQHandler
                0x00003b5e        0x8 ./startup/startup_mcxn947_cm33_core0.o
                0x00003b5e                ADC0_IRQHandler
 .text.ADC1_IRQHandler
                0x00003b66        0x8 ./startup/startup_mcxn947_cm33_core0.o
                0x00003b66                ADC1_IRQHandler
 .text.PINT0_IRQHandler
                0x00003b6e        0x8 ./startup/startup_mcxn947_cm33_core0.o
                0x00003b6e                PINT0_IRQHandler
 .text.PDM_EVENT_IRQHandler
                0x00003b76        0x8 ./startup/startup_mcxn947_cm33_core0.o
                0x00003b76                PDM_EVENT_IRQHandler
 .text.Reserved65_IRQHandler
                0x00003b7e        0x8 ./startup/startup_mcxn947_cm33_core0.o
                0x00003b7e                Reserved65_IRQHandler
 .text.USB0_FS_IRQHandler
                0x00003b86        0x8 ./startup/startup_mcxn947_cm33_core0.o
                0x00003b86                USB0_FS_IRQHandler
 .text.USB0_DCD_IRQHandler
                0x00003b8e        0x8 ./startup/startup_mcxn947_cm33_core0.o
                0x00003b8e                USB0_DCD_IRQHandler
 .text.RTC_IRQHandler
                0x00003b96        0x8 ./startup/startup_mcxn947_cm33_core0.o
                0x00003b96                RTC_IRQHandler
 .text.SMARTDMA_IRQHandler
                0x00003b9e        0x8 ./startup/startup_mcxn947_cm33_core0.o
                0x00003b9e                SMARTDMA_IRQHandler
 .text.MAILBOX_IRQHandler
                0x00003ba6        0x8 ./startup/startup_mcxn947_cm33_core0.o
                0x00003ba6                MAILBOX_IRQHandler
 .text.CTIMER3_IRQHandler
                0x00003bae        0x8 ./startup/startup_mcxn947_cm33_core0.o
                0x00003bae                CTIMER3_IRQHandler
 .text.CTIMER4_IRQHandler
                0x00003bb6        0x8 ./startup/startup_mcxn947_cm33_core0.o
                0x00003bb6                CTIMER4_IRQHandler
 .text.OS_EVENT_IRQHandler
                0x00003bbe        0x8 ./startup/startup_mcxn947_cm33_core0.o
                0x00003bbe                OS_EVENT_IRQHandler
 .text.FLEXSPI0_IRQHandler
                0x00003bc6        0x8 ./startup/startup_mcxn947_cm33_core0.o
                0x00003bc6                FLEXSPI0_IRQHandler
 .text.SAI0_IRQHandler
                0x00003bce        0x8 ./startup/startup_mcxn947_cm33_core0.o
                0x00003bce                SAI0_IRQHandler
 .text.SAI1_IRQHandler
                0x00003bd6        0x8 ./startup/startup_mcxn947_cm33_core0.o
                0x00003bd6                SAI1_IRQHandler
 .text.USDHC0_IRQHandler
                0x00003bde        0x8 ./startup/startup_mcxn947_cm33_core0.o
                0x00003bde                USDHC0_IRQHandler
 .text.CAN0_IRQHandler
                0x00003be6        0x8 ./startup/startup_mcxn947_cm33_core0.o
                0x00003be6                CAN0_IRQHandler
 .text.CAN1_IRQHandler
                0x00003bee        0x8 ./startup/startup_mcxn947_cm33_core0.o
                0x00003bee                CAN1_IRQHandler
 .text.Reserved80_IRQHandler
                0x00003bf6        0x8 ./startup/startup_mcxn947_cm33_core0.o
                0x00003bf6                Reserved80_IRQHandler
 .text.Reserved81_IRQHandler
                0x00003bfe        0x8 ./startup/startup_mcxn947_cm33_core0.o
                0x00003bfe                Reserved81_IRQHandler
 .text.USB1_HS_PHY_IRQHandler
                0x00003c06        0x8 ./startup/startup_mcxn947_cm33_core0.o
                0x00003c06                USB1_HS_PHY_IRQHandler
 .text.USB1_HS_IRQHandler
                0x00003c0e        0x8 ./startup/startup_mcxn947_cm33_core0.o
                0x00003c0e                USB1_HS_IRQHandler
 .text.SEC_HYPERVISOR_CALL_IRQHandler
                0x00003c16        0x8 ./startup/startup_mcxn947_cm33_core0.o
                0x00003c16                SEC_HYPERVISOR_CALL_IRQHandler
 .text.Reserved85_IRQHandler
                0x00003c1e        0x8 ./startup/startup_mcxn947_cm33_core0.o
                0x00003c1e                Reserved85_IRQHandler
 .text.PLU_IRQHandler
                0x00003c26        0x8 ./startup/startup_mcxn947_cm33_core0.o
                0x00003c26                PLU_IRQHandler
 .text.Freqme_IRQHandler
                0x00003c2e        0x8 ./startup/startup_mcxn947_cm33_core0.o
                0x00003c2e                Freqme_IRQHandler
 .text.SEC_VIO_IRQHandler
                0x00003c36        0x8 ./startup/startup_mcxn947_cm33_core0.o
                0x00003c36                SEC_VIO_IRQHandler
 .text.ELS_IRQHandler
                0x00003c3e        0x8 ./startup/startup_mcxn947_cm33_core0.o
                0x00003c3e                ELS_IRQHandler
 .text.PKC_IRQHandler
                0x00003c46        0x8 ./startup/startup_mcxn947_cm33_core0.o
                0x00003c46                PKC_IRQHandler
 .text.PUF_IRQHandler
                0x00003c4e        0x8 ./startup/startup_mcxn947_cm33_core0.o
                0x00003c4e                PUF_IRQHandler
 .text.PQ_IRQHandler
                0x00003c56        0x8 ./startup/startup_mcxn947_cm33_core0.o
                0x00003c56                PQ_IRQHandler
 .text.EDMA_1_CH0_IRQHandler
                0x00003c5e        0x8 ./startup/startup_mcxn947_cm33_core0.o
                0x00003c5e                EDMA_1_CH0_IRQHandler
 .text.EDMA_1_CH1_IRQHandler
                0x00003c66        0x8 ./startup/startup_mcxn947_cm33_core0.o
                0x00003c66                EDMA_1_CH1_IRQHandler
 .text.EDMA_1_CH2_IRQHandler
                0x00003c6e        0x8 ./startup/startup_mcxn947_cm33_core0.o
                0x00003c6e                EDMA_1_CH2_IRQHandler
 .text.EDMA_1_CH3_IRQHandler
                0x00003c76        0x8 ./startup/startup_mcxn947_cm33_core0.o
                0x00003c76                EDMA_1_CH3_IRQHandler
 .text.EDMA_1_CH4_IRQHandler
                0x00003c7e        0x8 ./startup/startup_mcxn947_cm33_core0.o
                0x00003c7e                EDMA_1_CH4_IRQHandler
 .text.EDMA_1_CH5_IRQHandler
                0x00003c86        0x8 ./startup/startup_mcxn947_cm33_core0.o
                0x00003c86                EDMA_1_CH5_IRQHandler
 .text.EDMA_1_CH6_IRQHandler
                0x00003c8e        0x8 ./startup/startup_mcxn947_cm33_core0.o
                0x00003c8e                EDMA_1_CH6_IRQHandler
 .text.EDMA_1_CH7_IRQHandler
                0x00003c96        0x8 ./startup/startup_mcxn947_cm33_core0.o
                0x00003c96                EDMA_1_CH7_IRQHandler
 .text.EDMA_1_CH8_IRQHandler
                0x00003c9e        0x8 ./startup/startup_mcxn947_cm33_core0.o
                0x00003c9e                EDMA_1_CH8_IRQHandler
 .text.EDMA_1_CH9_IRQHandler
                0x00003ca6        0x8 ./startup/startup_mcxn947_cm33_core0.o
                0x00003ca6                EDMA_1_CH9_IRQHandler
 .text.EDMA_1_CH10_IRQHandler
                0x00003cae        0x8 ./startup/startup_mcxn947_cm33_core0.o
                0x00003cae                EDMA_1_CH10_IRQHandler
 .text.EDMA_1_CH11_IRQHandler
                0x00003cb6        0x8 ./startup/startup_mcxn947_cm33_core0.o
                0x00003cb6                EDMA_1_CH11_IRQHandler
 .text.EDMA_1_CH12_IRQHandler
                0x00003cbe        0x8 ./startup/startup_mcxn947_cm33_core0.o
                0x00003cbe                EDMA_1_CH12_IRQHandler
 .text.EDMA_1_CH13_IRQHandler
                0x00003cc6        0x8 ./startup/startup_mcxn947_cm33_core0.o
                0x00003cc6                EDMA_1_CH13_IRQHandler
 .text.EDMA_1_CH14_IRQHandler
                0x00003cce        0x8 ./startup/startup_mcxn947_cm33_core0.o
                0x00003cce                EDMA_1_CH14_IRQHandler
 .text.EDMA_1_CH15_IRQHandler
                0x00003cd6        0x8 ./startup/startup_mcxn947_cm33_core0.o
                0x00003cd6                EDMA_1_CH15_IRQHandler
 .text.CDOG0_IRQHandler
                0x00003cde        0x8 ./startup/startup_mcxn947_cm33_core0.o
                0x00003cde                CDOG0_IRQHandler
 .text.CDOG1_IRQHandler
                0x00003ce6        0x8 ./startup/startup_mcxn947_cm33_core0.o
                0x00003ce6                CDOG1_IRQHandler
 .text.I3C0_IRQHandler
                0x00003cee        0x8 ./startup/startup_mcxn947_cm33_core0.o
                0x00003cee                I3C0_IRQHandler
 .text.I3C1_IRQHandler
                0x00003cf6        0x8 ./startup/startup_mcxn947_cm33_core0.o
                0x00003cf6                I3C1_IRQHandler
 .text.NPU_IRQHandler
                0x00003cfe        0x8 ./startup/startup_mcxn947_cm33_core0.o
                0x00003cfe                NPU_IRQHandler
 .text.GDET_IRQHandler
                0x00003d06        0x8 ./startup/startup_mcxn947_cm33_core0.o
                0x00003d06                GDET_IRQHandler
 .text.VBAT0_IRQHandler
                0x00003d0e        0x8 ./startup/startup_mcxn947_cm33_core0.o
                0x00003d0e                VBAT0_IRQHandler
 .text.EWM0_IRQHandler
                0x00003d16        0x8 ./startup/startup_mcxn947_cm33_core0.o
                0x00003d16                EWM0_IRQHandler
 .text.TSI_END_OF_SCAN_IRQHandler
                0x00003d1e        0x8 ./startup/startup_mcxn947_cm33_core0.o
                0x00003d1e                TSI_END_OF_SCAN_IRQHandler
 .text.TSI_OUT_OF_SCAN_IRQHandler
                0x00003d26        0x8 ./startup/startup_mcxn947_cm33_core0.o
                0x00003d26                TSI_OUT_OF_SCAN_IRQHandler
 .text.EMVSIM0_IRQHandler
                0x00003d2e        0x8 ./startup/startup_mcxn947_cm33_core0.o
                0x00003d2e                EMVSIM0_IRQHandler
 .text.EMVSIM1_IRQHandler
                0x00003d36        0x8 ./startup/startup_mcxn947_cm33_core0.o
                0x00003d36                EMVSIM1_IRQHandler
 .text.FLEXIO_IRQHandler
                0x00003d3e        0x8 ./startup/startup_mcxn947_cm33_core0.o
                0x00003d3e                FLEXIO_IRQHandler
 .text.DAC0_IRQHandler
                0x00003d46        0x8 ./startup/startup_mcxn947_cm33_core0.o
                0x00003d46                DAC0_IRQHandler
 .text.DAC1_IRQHandler
                0x00003d4e        0x8 ./startup/startup_mcxn947_cm33_core0.o
                0x00003d4e                DAC1_IRQHandler
 .text.DAC2_IRQHandler
                0x00003d56        0x8 ./startup/startup_mcxn947_cm33_core0.o
                0x00003d56                DAC2_IRQHandler
 .text.HSCMP0_IRQHandler
                0x00003d5e        0x8 ./startup/startup_mcxn947_cm33_core0.o
                0x00003d5e                HSCMP0_IRQHandler
 .text.HSCMP1_IRQHandler
                0x00003d66        0x8 ./startup/startup_mcxn947_cm33_core0.o
                0x00003d66                HSCMP1_IRQHandler
 .text.HSCMP2_IRQHandler
                0x00003d6e        0x8 ./startup/startup_mcxn947_cm33_core0.o
                0x00003d6e                HSCMP2_IRQHandler
 .text.FLEXPWM0_RELOAD_ERROR_IRQHandler
                0x00003d76        0x8 ./startup/startup_mcxn947_cm33_core0.o
                0x00003d76                FLEXPWM0_RELOAD_ERROR_IRQHandler
 .text.FLEXPWM0_FAULT_IRQHandler
                0x00003d7e        0x8 ./startup/startup_mcxn947_cm33_core0.o
                0x00003d7e                FLEXPWM0_FAULT_IRQHandler
 .text.FLEXPWM0_SUBMODULE0_IRQHandler
                0x00003d86        0x8 ./startup/startup_mcxn947_cm33_core0.o
                0x00003d86                FLEXPWM0_SUBMODULE0_IRQHandler
 .text.FLEXPWM0_SUBMODULE1_IRQHandler
                0x00003d8e        0x8 ./startup/startup_mcxn947_cm33_core0.o
                0x00003d8e                FLEXPWM0_SUBMODULE1_IRQHandler
 .text.FLEXPWM0_SUBMODULE2_IRQHandler
                0x00003d96        0x8 ./startup/startup_mcxn947_cm33_core0.o
                0x00003d96                FLEXPWM0_SUBMODULE2_IRQHandler
 .text.FLEXPWM0_SUBMODULE3_IRQHandler
                0x00003d9e        0x8 ./startup/startup_mcxn947_cm33_core0.o
                0x00003d9e                FLEXPWM0_SUBMODULE3_IRQHandler
 .text.FLEXPWM1_RELOAD_ERROR_IRQHandler
                0x00003da6        0x8 ./startup/startup_mcxn947_cm33_core0.o
                0x00003da6                FLEXPWM1_RELOAD_ERROR_IRQHandler
 .text.FLEXPWM1_FAULT_IRQHandler
                0x00003dae        0x8 ./startup/startup_mcxn947_cm33_core0.o
                0x00003dae                FLEXPWM1_FAULT_IRQHandler
 .text.FLEXPWM1_SUBMODULE0_IRQHandler
                0x00003db6        0x8 ./startup/startup_mcxn947_cm33_core0.o
                0x00003db6                FLEXPWM1_SUBMODULE0_IRQHandler
 .text.FLEXPWM1_SUBMODULE1_IRQHandler
                0x00003dbe        0x8 ./startup/startup_mcxn947_cm33_core0.o
                0x00003dbe                FLEXPWM1_SUBMODULE1_IRQHandler
 .text.FLEXPWM1_SUBMODULE2_IRQHandler
                0x00003dc6        0x8 ./startup/startup_mcxn947_cm33_core0.o
                0x00003dc6                FLEXPWM1_SUBMODULE2_IRQHandler
 .text.FLEXPWM1_SUBMODULE3_IRQHandler
                0x00003dce        0x8 ./startup/startup_mcxn947_cm33_core0.o
                0x00003dce                FLEXPWM1_SUBMODULE3_IRQHandler
 .text.QDC0_COMPARE_IRQHandler
                0x00003dd6        0x8 ./startup/startup_mcxn947_cm33_core0.o
                0x00003dd6                QDC0_COMPARE_IRQHandler
 .text.QDC0_HOME_IRQHandler
                0x00003dde        0x8 ./startup/startup_mcxn947_cm33_core0.o
                0x00003dde                QDC0_HOME_IRQHandler
 .text.QDC0_WDG_SAB_IRQHandler
                0x00003de6        0x8 ./startup/startup_mcxn947_cm33_core0.o
                0x00003de6                QDC0_WDG_SAB_IRQHandler
 .text.QDC0_IDX_IRQHandler
                0x00003dee        0x8 ./startup/startup_mcxn947_cm33_core0.o
                0x00003dee                QDC0_IDX_IRQHandler
 .text.QDC1_COMPARE_IRQHandler
                0x00003df6        0x8 ./startup/startup_mcxn947_cm33_core0.o
                0x00003df6                QDC1_COMPARE_IRQHandler
 .text.QDC1_HOME_IRQHandler
                0x00003dfe        0x8 ./startup/startup_mcxn947_cm33_core0.o
                0x00003dfe                QDC1_HOME_IRQHandler
 .text.QDC1_WDG_SAB_IRQHandler
                0x00003e06        0x8 ./startup/startup_mcxn947_cm33_core0.o
                0x00003e06                QDC1_WDG_SAB_IRQHandler
 .text.QDC1_IDX_IRQHandler
                0x00003e0e        0x8 ./startup/startup_mcxn947_cm33_core0.o
                0x00003e0e                QDC1_IDX_IRQHandler
 .text.ITRC0_IRQHandler
                0x00003e16        0x8 ./startup/startup_mcxn947_cm33_core0.o
                0x00003e16                ITRC0_IRQHandler
 .text.BSP32_IRQHandler
                0x00003e1e        0x8 ./startup/startup_mcxn947_cm33_core0.o
                0x00003e1e                BSP32_IRQHandler
 .text.ELS_ERR_IRQHandler
                0x00003e26        0x8 ./startup/startup_mcxn947_cm33_core0.o
                0x00003e26                ELS_ERR_IRQHandler
 .text.PKC_ERR_IRQHandler
                0x00003e2e        0x8 ./startup/startup_mcxn947_cm33_core0.o
                0x00003e2e                PKC_ERR_IRQHandler
 .text.ERM_SINGLE_BIT_ERROR_IRQHandler
                0x00003e36        0x8 ./startup/startup_mcxn947_cm33_core0.o
                0x00003e36                ERM_SINGLE_BIT_ERROR_IRQHandler
 .text.ERM_MULTI_BIT_ERROR_IRQHandler
                0x00003e3e        0x8 ./startup/startup_mcxn947_cm33_core0.o
                0x00003e3e                ERM_MULTI_BIT_ERROR_IRQHandler
 .text.FMU0_IRQHandler
                0x00003e46        0x8 ./startup/startup_mcxn947_cm33_core0.o
                0x00003e46                FMU0_IRQHandler
 .text.ETHERNET_IRQHandler
                0x00003e4e        0x8 ./startup/startup_mcxn947_cm33_core0.o
                0x00003e4e                ETHERNET_IRQHandler
 .text.ETHERNET_PMT_IRQHandler
                0x00003e56        0x8 ./startup/startup_mcxn947_cm33_core0.o
                0x00003e56                ETHERNET_PMT_IRQHandler
 .text.ETHERNET_MACLP_IRQHandler
                0x00003e5e        0x8 ./startup/startup_mcxn947_cm33_core0.o
                0x00003e5e                ETHERNET_MACLP_IRQHandler
 .text.SINC_FILTER_IRQHandler
                0x00003e66        0x8 ./startup/startup_mcxn947_cm33_core0.o
                0x00003e66                SINC_FILTER_IRQHandler
 .text.LPTMR0_IRQHandler
                0x00003e6e        0x8 ./startup/startup_mcxn947_cm33_core0.o
                0x00003e6e                LPTMR0_IRQHandler
 .text.LPTMR1_IRQHandler
                0x00003e76        0x8 ./startup/startup_mcxn947_cm33_core0.o
                0x00003e76                LPTMR1_IRQHandler
 .text.SCG_IRQHandler
                0x00003e7e        0x8 ./startup/startup_mcxn947_cm33_core0.o
                0x00003e7e                SCG_IRQHandler
 .text.SPC_IRQHandler
                0x00003e86        0x8 ./startup/startup_mcxn947_cm33_core0.o
                0x00003e86                SPC_IRQHandler
 .text.WUU_IRQHandler
                0x00003e8e        0x8 ./startup/startup_mcxn947_cm33_core0.o
                0x00003e8e                WUU_IRQHandler
 .text.PORT_EFT_IRQHandler
                0x00003e96        0x8 ./startup/startup_mcxn947_cm33_core0.o
                0x00003e96                PORT_EFT_IRQHandler
 .text.ETB0_IRQHandler
                0x00003e9e        0x8 ./startup/startup_mcxn947_cm33_core0.o
                0x00003e9e                ETB0_IRQHandler
 .text.Reserved166_IRQHandler
                0x00003ea6        0x8 ./startup/startup_mcxn947_cm33_core0.o
                0x00003ea6                Reserved166_IRQHandler
 .text.Reserved167_IRQHandler
                0x00003eae        0x8 ./startup/startup_mcxn947_cm33_core0.o
                0x00003eae                Reserved167_IRQHandler
 .text.WWDT0_IRQHandler
                0x00003eb6        0x8 ./startup/startup_mcxn947_cm33_core0.o
                0x00003eb6                WWDT0_IRQHandler
 .text.WWDT1_IRQHandler
                0x00003ebe        0x8 ./startup/startup_mcxn947_cm33_core0.o
                0x00003ebe                WWDT1_IRQHandler
 .text.CMC0_IRQHandler
                0x00003ec6        0x8 ./startup/startup_mcxn947_cm33_core0.o
                0x00003ec6                CMC0_IRQHandler
 .text.CTI0_IRQHandler
                0x00003ece        0x8 ./startup/startup_mcxn947_cm33_core0.o
                0x00003ece                CTI0_IRQHandler
 .text.HardFault_Handler
                0x00003ed6       0x36 ./source/semihost_hardfault.o
                0x00003ed6                HardFault_Handler
 .text.CLOCK_GetPll0OutFreq
                0x00003f0c       0x88 ./drivers/fsl_clock.o
                0x00003f0c                CLOCK_GetPll0OutFreq
 .text.CLOCK_EnableClock
                0x00003f94       0x8c ./drivers/fsl_ctimer.o
 .text.EnableIRQ
                0x00004020       0x32 ./drivers/fsl_ctimer.o
 .text.CTIMER_GetStatusFlags
                0x00004052       0x18 ./drivers/fsl_ctimer.o
 .text.CTIMER_ClearStatusFlags
                0x0000406a       0x1c ./drivers/fsl_ctimer.o
 .text.CTIMER0_DriverIRQHandler
                0x00004086        0xe ./drivers/fsl_ctimer.o
                0x00004086                CTIMER0_DriverIRQHandler
 .text.CTIMER1_DriverIRQHandler
                0x00004094        0xe ./drivers/fsl_ctimer.o
                0x00004094                CTIMER1_DriverIRQHandler
 .text.CTIMER2_DriverIRQHandler
                0x000040a2        0xe ./drivers/fsl_ctimer.o
                0x000040a2                CTIMER2_DriverIRQHandler
 .text.CTIMER3_DriverIRQHandler
                0x000040b0        0xe ./drivers/fsl_ctimer.o
                0x000040b0                CTIMER3_DriverIRQHandler
 .text.CTIMER4_DriverIRQHandler
                0x000040be        0xe ./drivers/fsl_ctimer.o
                0x000040be                CTIMER4_DriverIRQHandler
 .text.CLOCK_EnableClock
                0x000040cc       0x8c ./drivers/fsl_edma.o
 .text.RESET_ReleasePeripheralReset
                0x00004158       0x16 ./drivers/fsl_edma.o
 .text.EnableIRQ
                0x0000416e       0x32 ./drivers/fsl_edma.o
 .text.EDMA_AbortTransfer
                0x000041a0       0x40 ./drivers/fsl_edma.o
                0x000041a0                EDMA_AbortTransfer
 .text.EDMA_0_CH0_DriverIRQHandler
                0x000041e0       0x10 ./drivers/fsl_edma_soc.o
                0x000041e0                EDMA_0_CH0_DriverIRQHandler
 .text.EDMA_0_CH1_DriverIRQHandler
                0x000041f0       0x10 ./drivers/fsl_edma_soc.o
                0x000041f0                EDMA_0_CH1_DriverIRQHandler
 .text.EDMA_0_CH2_DriverIRQHandler
                0x00004200       0x10 ./drivers/fsl_edma_soc.o
                0x00004200                EDMA_0_CH2_DriverIRQHandler
 .text.EDMA_0_CH3_DriverIRQHandler
                0x00004210       0x10 ./drivers/fsl_edma_soc.o
                0x00004210                EDMA_0_CH3_DriverIRQHandler
 .text.EDMA_0_CH4_DriverIRQHandler
                0x00004220       0x10 ./drivers/fsl_edma_soc.o
                0x00004220                EDMA_0_CH4_DriverIRQHandler
 .text.EDMA_0_CH5_DriverIRQHandler
                0x00004230       0x10 ./drivers/fsl_edma_soc.o
                0x00004230                EDMA_0_CH5_DriverIRQHandler
 .text.EDMA_0_CH6_DriverIRQHandler
                0x00004240       0x10 ./drivers/fsl_edma_soc.o
                0x00004240                EDMA_0_CH6_DriverIRQHandler
 .text.EDMA_0_CH7_DriverIRQHandler
                0x00004250       0x10 ./drivers/fsl_edma_soc.o
                0x00004250                EDMA_0_CH7_DriverIRQHandler
 .text.EDMA_0_CH8_DriverIRQHandler
                0x00004260       0x10 ./drivers/fsl_edma_soc.o
                0x00004260                EDMA_0_CH8_DriverIRQHandler
 .text.EDMA_0_CH9_DriverIRQHandler
                0x00004270       0x10 ./drivers/fsl_edma_soc.o
                0x00004270                EDMA_0_CH9_DriverIRQHandler
 .text.EDMA_0_CH10_DriverIRQHandler
                0x00004280       0x10 ./drivers/fsl_edma_soc.o
                0x00004280                EDMA_0_CH10_DriverIRQHandler
 .text.EDMA_0_CH11_DriverIRQHandler
                0x00004290       0x10 ./drivers/fsl_edma_soc.o
                0x00004290                EDMA_0_CH11_DriverIRQHandler
 .text.EDMA_0_CH12_DriverIRQHandler
                0x000042a0       0x10 ./drivers/fsl_edma_soc.o
                0x000042a0                EDMA_0_CH12_DriverIRQHandler
 .text.EDMA_0_CH13_DriverIRQHandler
                0x000042b0       0x10 ./drivers/fsl_edma_soc.o
                0x000042b0                EDMA_0_CH13_DriverIRQHandler
 .text.EDMA_0_CH14_DriverIRQHandler
                0x000042c0       0x10 ./drivers/fsl_edma_soc.o
                0x000042c0                EDMA_0_CH14_DriverIRQHandler
 .text.EDMA_0_CH15_DriverIRQHandler
                0x000042d0       0x10 ./drivers/fsl_edma_soc.o
                0x000042d0                EDMA_0_CH15_DriverIRQHandler
 .text.EDMA_1_CH0_DriverIRQHandler
                0x000042e0       0x10 ./drivers/fsl_edma_soc.o
                0x000042e0                EDMA_1_CH0_DriverIRQHandler
 .text.EDMA_1_CH1_DriverIRQHandler
                0x000042f0       0x10 ./drivers/fsl_edma_soc.o
                0x000042f0                EDMA_1_CH1_DriverIRQHandler
 .text.EDMA_1_CH2_DriverIRQHandler
                0x00004300       0x10 ./drivers/fsl_edma_soc.o
                0x00004300                EDMA_1_CH2_DriverIRQHandler
 .text.EDMA_1_CH3_DriverIRQHandler
                0x00004310       0x10 ./drivers/fsl_edma_soc.o
                0x00004310                EDMA_1_CH3_DriverIRQHandler
 .text.EDMA_1_CH4_DriverIRQHandler
                0x00004320       0x10 ./drivers/fsl_edma_soc.o
                0x00004320                EDMA_1_CH4_DriverIRQHandler
 .text.EDMA_1_CH5_DriverIRQHandler
                0x00004330       0x10 ./drivers/fsl_edma_soc.o
                0x00004330                EDMA_1_CH5_DriverIRQHandler
 .text.EDMA_1_CH6_DriverIRQHandler
                0x00004340       0x10 ./drivers/fsl_edma_soc.o
                0x00004340                EDMA_1_CH6_DriverIRQHandler
 .text.EDMA_1_CH7_DriverIRQHandler
                0x00004350       0x10 ./drivers/fsl_edma_soc.o
                0x00004350                EDMA_1_CH7_DriverIRQHandler
 .text.EDMA_1_CH8_DriverIRQHandler
                0x00004360       0x10 ./drivers/fsl_edma_soc.o
                0x00004360                EDMA_1_CH8_DriverIRQHandler
 .text.EDMA_1_CH9_DriverIRQHandler
                0x00004370       0x10 ./drivers/fsl_edma_soc.o
                0x00004370                EDMA_1_CH9_DriverIRQHandler
 .text.EDMA_1_CH10_DriverIRQHandler
                0x00004380       0x10 ./drivers/fsl_edma_soc.o
                0x00004380                EDMA_1_CH10_DriverIRQHandler
 .text.EDMA_1_CH11_DriverIRQHandler
                0x00004390       0x10 ./drivers/fsl_edma_soc.o
                0x00004390                EDMA_1_CH11_DriverIRQHandler
 .text.EDMA_1_CH12_DriverIRQHandler
                0x000043a0       0x10 ./drivers/fsl_edma_soc.o
                0x000043a0                EDMA_1_CH12_DriverIRQHandler
 .text.EDMA_1_CH13_DriverIRQHandler
                0x000043b0       0x10 ./drivers/fsl_edma_soc.o
                0x000043b0                EDMA_1_CH13_DriverIRQHandler
 .text.EDMA_1_CH14_DriverIRQHandler
                0x000043c0       0x10 ./drivers/fsl_edma_soc.o
                0x000043c0                EDMA_1_CH14_DriverIRQHandler
 .text.EDMA_1_CH15_DriverIRQHandler
                0x000043d0       0x10 ./drivers/fsl_edma_soc.o
                0x000043d0                EDMA_1_CH15_DriverIRQHandler
 .text.CLOCK_EnableClock
                0x000043e0       0x8c ./drivers/fsl_gpio.o
 .text.CLOCK_DisableClock
                0x0000446c       0xb0 ./drivers/fsl_gpio.o
 .text.GPIO_PinWrite
                0x0000451c       0x36 ./drivers/fsl_gpio.o
 .text.CLOCK_EnableClock
                0x00004552       0x8c ./drivers/fsl_lpflexcomm.o
 .text.LP_FLEXCOMM_PeripheralIsPresent
                0x000045de       0x52 ./drivers/fsl_lpflexcomm.o
 .text.LP_FLEXCOMM0_DriverIRQHandler
                0x00004630        0xe ./drivers/fsl_lpflexcomm.o
                0x00004630                LP_FLEXCOMM0_DriverIRQHandler
 .text.LP_FLEXCOMM1_DriverIRQHandler
                0x0000463e        0xe ./drivers/fsl_lpflexcomm.o
                0x0000463e                LP_FLEXCOMM1_DriverIRQHandler
 .text.LP_FLEXCOMM2_DriverIRQHandler
                0x0000464c        0xe ./drivers/fsl_lpflexcomm.o
                0x0000464c                LP_FLEXCOMM2_DriverIRQHandler
 .text.LP_FLEXCOMM3_DriverIRQHandler
                0x0000465a        0xe ./drivers/fsl_lpflexcomm.o
                0x0000465a                LP_FLEXCOMM3_DriverIRQHandler
 .text.LP_FLEXCOMM4_DriverIRQHandler
                0x00004668        0xe ./drivers/fsl_lpflexcomm.o
                0x00004668                LP_FLEXCOMM4_DriverIRQHandler
 .text.LP_FLEXCOMM5_DriverIRQHandler
                0x00004676        0xe ./drivers/fsl_lpflexcomm.o
                0x00004676                LP_FLEXCOMM5_DriverIRQHandler
 .text.LP_FLEXCOMM6_DriverIRQHandler
                0x00004684        0xe ./drivers/fsl_lpflexcomm.o
                0x00004684                LP_FLEXCOMM6_DriverIRQHandler
 .text.LP_FLEXCOMM7_DriverIRQHandler
                0x00004692        0xe ./drivers/fsl_lpflexcomm.o
                0x00004692                LP_FLEXCOMM7_DriverIRQHandler
 .text.LP_FLEXCOMM8_DriverIRQHandler
                0x000046a0        0xe ./drivers/fsl_lpflexcomm.o
                0x000046a0                LP_FLEXCOMM8_DriverIRQHandler
 .text.LP_FLEXCOMM9_DriverIRQHandler
                0x000046ae        0xe ./drivers/fsl_lpflexcomm.o
                0x000046ae                LP_FLEXCOMM9_DriverIRQHandler
 .text.CLOCK_EnableClock
                0x000046bc       0x8c ./drivers/fsl_lpi2c.o
 .text.LPI2C_MasterReset
                0x00004748       0x20 ./drivers/fsl_lpi2c.o
 .text.LPI2C_MasterEnable
                0x00004768       0x32 ./drivers/fsl_lpi2c.o
 .text.LPI2C_MasterClearStatusFlags
                0x0000479a       0x1c ./drivers/fsl_lpi2c.o
 .text.LPI2C_MasterSetWatermarks
                0x000047b6       0x2c ./drivers/fsl_lpi2c.o
 .text.LPI2C_MasterCheckAndClearError
                0x000047e2       0x80 ./drivers/fsl_lpi2c.o
                0x000047e2                LPI2C_MasterCheckAndClearError
 .text.EnableIRQ
                0x00004862       0x32 ./drivers/fsl_lpi2c_edma.o
 .text.LPI2C_MasterGetStatusFlags
                0x00004894       0x18 ./drivers/fsl_lpi2c_edma.o
 .text.LPI2C_MasterDisableInterrupts
                0x000048ac       0x24 ./drivers/fsl_lpi2c_edma.o
 .text.LPI2C_MasterEDMACallback
                0x000048d0       0x74 ./drivers/fsl_lpi2c_edma.o
 .text.RESET_PeripheralReset
                0x00004944       0x1c ./drivers/fsl_reset.o
                0x00004944                RESET_PeripheralReset
 .text.SPC_GetActiveModeBandgapMode
                0x00004960       0x22 ./drivers/fsl_spc.o
 .text.SPC_GetActiveModeVoltageDetectStatus
                0x00004982       0x22 ./drivers/fsl_spc.o
 .text.SPC_GetActiveModeCoreLDOVDDVoltageLevel
                0x000049a4       0x22 ./drivers/fsl_spc.o
 .text.SPC_GetActiveModeCoreLDODriveStrength
                0x000049c6       0x22 ./drivers/fsl_spc.o
 .text.SPC_SetActiveModeDCDCRegulatorVoltageLevel
                0x000049e8       0x32 ./drivers/fsl_spc.o
 .text.SPC_SetActiveModeCoreLDORegulatorVoltageLevel
                0x00004a1a       0x60 ./drivers/fsl_spc.o
                0x00004a1a                SPC_SetActiveModeCoreLDORegulatorVoltageLevel
 .text.SPC_SetActiveModeCoreLDORegulatorDriveStrength
                0x00004a7a       0x5e ./drivers/fsl_spc.o
                0x00004a7a                SPC_SetActiveModeCoreLDORegulatorDriveStrength
 .text.SPC_SetActiveModeDCDCRegulatorDriveStrength
                0x00004ad8       0x48 ./drivers/fsl_spc.o
                0x00004ad8                SPC_SetActiveModeDCDCRegulatorDriveStrength
 .text.SystemInitHook
                0x00004b20        0xe ./device/system_MCXN947_cm33_core0.o
                0x00004b20                SystemInitHook
 .text.DbgConsole_Error
                0x00004b2e       0x10 ./board/board.o
 .text.CLOCK_EnableClock
                0x00004b3e       0x8c ./board/clock_config.o
 .text.BOARD_InitBootClocks
                0x00004bca        0xc ./board/clock_config.o
                0x00004bca                BOARD_InitBootClocks
 .text.BOARD_InitHardware
                0x00004bd6       0x36 ./board/hardware_init.o
                0x00004bd6                BOARD_InitHardware
 .text.EnableIRQ
                0x00004c0c       0x32 ./board/peripherals.o
 .text.CTIMER_StartTimer
                0x00004c3e       0x20 ./board/peripherals.o
 .text.GPIO0_init
                0x00004c5e       0x14 ./board/peripherals.o
 .text.BOARD_InitPeripherals_CommonPostInit
                0x00004c72       0x32 ./board/peripherals.o
 .text.BOARD_InitBootPeripherals
                0x00004ca4        0xc ./board/peripherals.o
                0x00004ca4                BOARD_InitBootPeripherals
 .text.CLOCK_EnableClock
                0x00004cb0       0x8c ./board/pin_mux.o
 .text.PORT_SetPinMux
                0x00004d3c       0x3e ./board/pin_mux.o
 .text.BOARD_InitBootPins
                0x00004d7a        0xc ./board/pin_mux.o
                0x00004d7a                BOARD_InitBootPins
 .text.__main   0x00004d86        0xe C:/NXP/MCUXpressoIDE_25.6.136/ide/plugins/com.nxp.mcuxpresso.tools.win32_25.6.0.202501151204/tools/bin/../lib/gcc/arm-none-eabi/14.2.1/../../../../arm-none-eabi/lib/thumb/v8-m.main+fp/hard\libcr_semihost_nf.a(_cr__main.o)
                0x00004d86                __CR_SEMIHOST
                0x00004d86                __main
 .text.memset   0x00004d94        0x4 C:/NXP/MCUXpressoIDE_25.6.136/ide/plugins/com.nxp.mcuxpresso.tools.win32_25.6.0.202501151204/tools/bin/../lib/gcc/arm-none-eabi/14.2.1/../../../../arm-none-eabi/lib/thumb/v8-m.main+fp/hard\libcr_c.a(memset.o)
                0x00004d94                memset
 .text.free     0x00004d98       0x30 C:/NXP/MCUXpressoIDE_25.6.136/ide/plugins/com.nxp.mcuxpresso.tools.win32_25.6.0.202501151204/tools/bin/../lib/gcc/arm-none-eabi/14.2.1/../../../../arm-none-eabi/lib/thumb/v8-m.main+fp/hard\libcr_c.a(alloc.o)
                0x00004d98                free
 .text.no_fp_display
                0x00004dc8        0x4 C:/NXP/MCUXpressoIDE_25.6.136/ide/plugins/com.nxp.mcuxpresso.tools.win32_25.6.0.202501151204/tools/bin/../lib/gcc/arm-none-eabi/14.2.1/../../../../arm-none-eabi/lib/thumb/v8-m.main+fp/hard\libcr_c.a(printf.o)
 .text.setvbuf  0x00004dcc       0x3e C:/NXP/MCUXpressoIDE_25.6.136/ide/plugins/com.nxp.mcuxpresso.tools.win32_25.6.0.202501151204/tools/bin/../lib/gcc/arm-none-eabi/14.2.1/../../../../arm-none-eabi/lib/thumb/v8-m.main+fp/hard\libcr_c.a(setvbuf.o)
                0x00004dcc                setvbuf
 .text.strlen   0x00004e0a       0x4e C:/NXP/MCUXpressoIDE_25.6.136/ide/plugins/com.nxp.mcuxpresso.tools.win32_25.6.0.202501151204/tools/bin/../lib/gcc/arm-none-eabi/14.2.1/../../../../arm-none-eabi/lib/thumb/v8-m.main+fp/hard\libcr_c.a(strlen.o)
                0x00004e0a                strlen
 .text._deferredlazyseek
                0x00004e58       0x40 C:/NXP/MCUXpressoIDE_25.6.136/ide/plugins/com.nxp.mcuxpresso.tools.win32_25.6.0.202501151204/tools/bin/../lib/gcc/arm-none-eabi/14.2.1/../../../../arm-none-eabi/lib/thumb/v8-m.main+fp/hard\libcr_c.a(_deferredlazyseek.o)
                0x00004e58                _deferredlazyseek
 .text.__flsbuf
                0x00004e98      0x12a C:/NXP/MCUXpressoIDE_25.6.136/ide/plugins/com.nxp.mcuxpresso.tools.win32_25.6.0.202501151204/tools/bin/../lib/gcc/arm-none-eabi/14.2.1/../../../../arm-none-eabi/lib/thumb/v8-m.main+fp/hard\libcr_c.a(_deferredlazyseek.o)
                0x00004e98                __flsbuf
 .text._fdopen  0x00004fc2       0x68 C:/NXP/MCUXpressoIDE_25.6.136/ide/plugins/com.nxp.mcuxpresso.tools.win32_25.6.0.202501151204/tools/bin/../lib/gcc/arm-none-eabi/14.2.1/../../../../arm-none-eabi/lib/thumb/v8-m.main+fp/hard\libcr_c.a(_fdopen.o)
                0x00004fc2                _fdopen
 .text._fflush  0x0000502a       0x52 C:/NXP/MCUXpressoIDE_25.6.136/ide/plugins/com.nxp.mcuxpresso.tools.win32_25.6.0.202501151204/tools/bin/../lib/gcc/arm-none-eabi/14.2.1/../../../../arm-none-eabi/lib/thumb/v8-m.main+fp/hard\libcr_c.a(_fflush.o)
                0x0000502a                _fflush
 .text.fclose   0x0000507c       0x58 C:/NXP/MCUXpressoIDE_25.6.136/ide/plugins/com.nxp.mcuxpresso.tools.win32_25.6.0.202501151204/tools/bin/../lib/gcc/arm-none-eabi/14.2.1/../../../../arm-none-eabi/lib/thumb/v8-m.main+fp/hard\libcr_c.a(fclose.o)
                0x0000507c                fclose
 .text.remove   0x000050d4       0x14 C:/NXP/MCUXpressoIDE_25.6.136/ide/plugins/com.nxp.mcuxpresso.tools.win32_25.6.0.202501151204/tools/bin/../lib/gcc/arm-none-eabi/14.2.1/../../../../arm-none-eabi/lib/thumb/v8-m.main+fp/hard\libcr_c.a(remove.o)
                0x000050d4                remove
 .text._do_fflush
                0x000050e8       0x40 C:/NXP/MCUXpressoIDE_25.6.136/ide/plugins/com.nxp.mcuxpresso.tools.win32_25.6.0.202501151204/tools/bin/../lib/gcc/arm-none-eabi/14.2.1/../../../../arm-none-eabi/lib/thumb/v8-m.main+fp/hard\libcr_c.a(_do_fflush.o)
                0x000050e8                _do_fflush
 .text.__aeabi_division_uldivmod
                0x00005128      0x174 C:/NXP/MCUXpressoIDE_25.6.136/ide/plugins/com.nxp.mcuxpresso.tools.win32_25.6.0.202501151204/tools/bin/../lib/gcc/arm-none-eabi/14.2.1/thumb/v8-m.main+fp/hard\libcr_eabihelpers.a(division_64.o)
                0x00005128                __aeabi_uldivmod
                0x0000512c                __bhs_ldivmod1
 .text.__aeabi_division_idiv0
                0x0000529c        0x2 C:/NXP/MCUXpressoIDE_25.6.136/ide/plugins/com.nxp.mcuxpresso.tools.win32_25.6.0.202501151204/tools/bin/../lib/gcc/arm-none-eabi/14.2.1/thumb/v8-m.main+fp/hard\libcr_eabihelpers.a(division_idiv0.o)
                0x0000529c                __aeabi_idiv0
 .text.__aeabi_f2ulz
                0x0000529e       0x3e C:/NXP/MCUXpressoIDE_25.6.136/ide/plugins/com.nxp.mcuxpresso.tools.win32_25.6.0.202501151204/tools/bin/../lib/gcc/arm-none-eabi/14.2.1/thumb/v8-m.main+fp/hard\libcr_eabihelpers.a(float.o)
                0x0000529e                __aeabi_f2ulz
 .text.__aeabi_memset_lowlevel
                0x000052dc       0x32 C:/NXP/MCUXpressoIDE_25.6.136/ide/plugins/com.nxp.mcuxpresso.tools.win32_25.6.0.202501151204/tools/bin/../lib/gcc/arm-none-eabi/14.2.1/thumb/v8-m.main+fp/hard\libcr_eabihelpers.a(memcpy.o)
                0x000052dc                __aeabi_lowlevel_memset
 .text.__sys_close
                0x0000530e        0xc C:/NXP/MCUXpressoIDE_25.6.136/ide/plugins/com.nxp.mcuxpresso.tools.win32_25.6.0.202501151204/tools/bin/../lib/gcc/arm-none-eabi/14.2.1/../../../../arm-none-eabi/lib/thumb/v8-m.main+fp/hard\libcr_semihost_nf.a(__sys_close.o)
                0x0000530e                __sys_close
 .text.__sys_flen
                0x0000531a        0xc C:/NXP/MCUXpressoIDE_25.6.136/ide/plugins/com.nxp.mcuxpresso.tools.win32_25.6.0.202501151204/tools/bin/../lib/gcc/arm-none-eabi/14.2.1/../../../../arm-none-eabi/lib/thumb/v8-m.main+fp/hard\libcr_semihost_nf.a(__sys_flen.o)
                0x0000531a                __sys_flen
 .text.__sys_istty
                0x00005326        0xc C:/NXP/MCUXpressoIDE_25.6.136/ide/plugins/com.nxp.mcuxpresso.tools.win32_25.6.0.202501151204/tools/bin/../lib/gcc/arm-none-eabi/14.2.1/../../../../arm-none-eabi/lib/thumb/v8-m.main+fp/hard\libcr_semihost_nf.a(__sys_istty.o)
                0x00005326                __sys_istty
 .text.__sys_remove
                0x00005332        0xc C:/NXP/MCUXpressoIDE_25.6.136/ide/plugins/com.nxp.mcuxpresso.tools.win32_25.6.0.202501151204/tools/bin/../lib/gcc/arm-none-eabi/14.2.1/../../../../arm-none-eabi/lib/thumb/v8-m.main+fp/hard\libcr_semihost_nf.a(__sys_remove.o)
                0x00005332                __sys_remove
 .text.__sys_seek
                0x0000533e        0xc C:/NXP/MCUXpressoIDE_25.6.136/ide/plugins/com.nxp.mcuxpresso.tools.win32_25.6.0.202501151204/tools/bin/../lib/gcc/arm-none-eabi/14.2.1/../../../../arm-none-eabi/lib/thumb/v8-m.main+fp/hard\libcr_semihost_nf.a(__sys_seek.o)
                0x0000533e                __sys_seek
 .text.__sys_tmpnam
                0x0000534a        0xc C:/NXP/MCUXpressoIDE_25.6.136/ide/plugins/com.nxp.mcuxpresso.tools.win32_25.6.0.202501151204/tools/bin/../lib/gcc/arm-none-eabi/14.2.1/../../../../arm-none-eabi/lib/thumb/v8-m.main+fp/hard\libcr_semihost_nf.a(__sys_tmpnam.o)
                0x0000534a                __sys_tmpnam
 .text.__sys_write
                0x00005356        0xc C:/NXP/MCUXpressoIDE_25.6.136/ide/plugins/com.nxp.mcuxpresso.tools.win32_25.6.0.202501151204/tools/bin/../lib/gcc/arm-none-eabi/14.2.1/../../../../arm-none-eabi/lib/thumb/v8-m.main+fp/hard\libcr_semihost_nf.a(__sys_write.o)
                0x00005356                __sys_write
 *(SORT_BY_ALIGNMENT(.rodata) SORT_BY_ALIGNMENT(.rodata.*) SORT_BY_ALIGNMENT(.constdata) SORT_BY_ALIGNMENT(.constdata.*))
 *fill*         0x00005362        0x2 ff
 .rodata.__assertion_failed.str1.4
                0x00005364      0x82b ./utilities/fsl_assert.o
                                 0x14 (size before relaxing)
 *fill*         0x00005b8f        0x1 ff
 .rodata.s_ctimerBases
                0x00005b90       0x14 ./drivers/fsl_ctimer.o
 .rodata.s_ctimerClocks
                0x00005ba4        0xa ./drivers/fsl_ctimer.o
 *fill*         0x00005bae        0x2 ff
 .rodata.s_ctimerResets
                0x00005bb0       0x14 ./drivers/fsl_ctimer.o
 .rodata.s_ctimerIRQ
                0x00005bc4        0xa ./drivers/fsl_ctimer.o
 .rodata.CTIMER_GetInstance.str1.4
                0x00005bce       0x2e ./drivers/fsl_ctimer.o
 .rodata.CTIMER_Init.str1.4
                0x00005bce       0x21 ./drivers/fsl_ctimer.o
 .rodata.CTIMER_UpdatePwmDutycycle.str1.4
                0x00005bce       0x2c ./drivers/fsl_ctimer.o
 .rodata.EDMA_SetChannelMux.str1.4
                0x00005bce       0x4e ./drivers/fsl_edma.o
 .rodata.EDMA_EnableChannelMasterIDReplication.str1.4
                0x00005bce       0x4e ./drivers/fsl_edma.o
 .rodata.EDMA_SetChannelSecurityLevel.str1.4
                0x00005bce       0x4e ./drivers/fsl_edma.o
 .rodata.EDMA_SetChannelProtectionLevel.str1.4
                0x00005bce       0x4e ./drivers/fsl_edma.o
 *fill*         0x00005bce        0x2 ff
 .rodata.s_edmaBases
                0x00005bd0        0x8 ./drivers/fsl_edma.o
 .rodata.s_edmaClockName
                0x00005bd8        0x4 ./drivers/fsl_edma.o
 .rodata.s_edmaResets
                0x00005bdc        0x8 ./drivers/fsl_edma.o
 .rodata.s_edmaIRQNumber
                0x00005be4       0x40 ./drivers/fsl_edma.o
 .rodata.EDMA_GetInstance.str1.4
                0x00005c24       0x33 ./drivers/fsl_edma.o
 .rodata.EDMA_Init.str1.4
                0x00005c24       0x20 ./drivers/fsl_edma.o
 .rodata.EDMA_InitChannel.str1.4
                0x00005c24       0x27 ./drivers/fsl_edma.o
 .rodata.EDMA_SetChannelPreemptionConfig.str1.4
                0x00005c24       0x70 ./drivers/fsl_edma.o
 .rodata.EDMA_TcdResetExt.str1.4
                0x00005c24       0x4f ./drivers/fsl_edma.o
 .rodata.EDMA_CreateHandle.str1.4
                0x00005c24       0x73 ./drivers/fsl_edma.o
 .rodata.EDMA_SetCallback.str1.4
                0x00005c24       0x21 ./drivers/fsl_edma.o
 .rodata.EDMA_StopTransfer.str1.4
                0x00005c24       0x21 ./drivers/fsl_edma.o
 .rodata.EDMA_HandleIRQ.str1.4
                0x00005c24       0x21 ./drivers/fsl_edma.o
 .rodata.s_gpioBases
                0x00005c24       0x18 ./drivers/fsl_gpio.o
 .rodata.s_gpioClockName
                0x00005c3c        0xa ./drivers/fsl_gpio.o
 .rodata.GPIO_GetInstance.str1.4
                0x00005c46       0x34 ./drivers/fsl_gpio.o
 .rodata.GPIO_PortClockEnable.str1.4
                0x00005c46       0x38 ./drivers/fsl_gpio.o
 .rodata.GPIO_PinInit.str1.4
                0x00005c46       0x20 ./drivers/fsl_gpio.o
 *fill*         0x00005c46        0x2 ff
 .rodata.s_lpflexcommBaseAddrs
                0x00005c48       0x28 ./drivers/fsl_lpflexcomm.o
 .rodata.s_lpflexcommBase
                0x00005c70       0x28 ./drivers/fsl_lpflexcomm.o
 .rodata.s_lpflexcommClocks
                0x00005c98       0x14 ./drivers/fsl_lpflexcomm.o
 .rodata.s_lpflexcommResets
                0x00005cac       0x28 ./drivers/fsl_lpflexcomm.o
 .rodata.LP_FLEXCOMM_SetPeriph.str1.4
                0x00005cd4       0x43 ./drivers/fsl_lpflexcomm.o
 .rodata.LP_FLEXCOMM_Init.str1.4
                0x00005cd4       0x49 ./drivers/fsl_lpflexcomm.o
 .rodata.LP_FLEXCOMM_SetIRQHandler.str1.4
                0x00005cd4       0x49 ./drivers/fsl_lpflexcomm.o
 .rodata.kLpi2cBases
                0x00005cd4       0x28 ./drivers/fsl_lpi2c.o
 .rodata.kLpi2cIrqs
                0x00005cfc       0x14 ./drivers/fsl_lpi2c.o
                0x00005cfc                kLpi2cIrqs
 .rodata.kLpi2cClocks
                0x00005d10       0x14 ./drivers/fsl_lpi2c.o
 .rodata.LPI2C_GetInstance.str1.4
                0x00005d24       0x35 ./drivers/fsl_lpi2c.o
 .rodata.LPI2C_GetCyclesForWidth.str1.4
                0x00005d24       0x26 ./drivers/fsl_lpi2c.o
 .rodata.LPI2C_MasterInit.str1.4
                0x00005d24       0x18 ./drivers/fsl_lpi2c.o
 .rodata.kLpi2cBases
                0x00005d24       0x28 ./drivers/fsl_lpi2c_edma.o
 .rodata.LPI2C_MasterCreateEDMAHandle.str1.4
                0x00005d4c       0x7f ./drivers/fsl_lpi2c_edma.o
 .rodata.LPI2C_MasterTransferEdmaHandleIRQ.str1.4
                0x00005d4c       0x72 ./drivers/fsl_lpi2c_edma.o
 .rodata.RESET_SetPeripheralReset.str1.4
                0x00005d4c       0x1e ./drivers/fsl_reset.o
 .rodata.RESET_ClearPeripheralReset.str1.4
                0x00005d4c       0x1e ./drivers/fsl_reset.o
 .rodata.SPC_SetSRAMOperateVoltage.str1.4
                0x00005d4c       0x1f ./drivers/fsl_spc.o
 .rodata.SPC_SetActiveModeCoreLDORegulatorConfig.str1.4
                0x00005d4c       0x1f ./drivers/fsl_spc.o
 .rodata.SPC_SetActiveModeDCDCRegulatorConfig.str1.4
                0x00005d4c       0x20 ./drivers/fsl_spc.o
 .rodata        0x00005d4c       0x22 ./board/clock_config.o
 .rodata.EDMA_SetChannelMux.str1.4
                0x00005d6e       0x7d ./board/peripherals.o
 *fill*         0x00005d6e        0x2 ff
 .rodata.CTIMER0_config
                0x00005d70        0x8 ./board/peripherals.o
                0x00005d70                CTIMER0_config
 .rodata.CTIMER2_config
                0x00005d78        0x8 ./board/peripherals.o
                0x00005d78                CTIMER2_config
 .rodata.LP_FLEXCOMM2_masterConfig
                0x00005d80       0x1c ./board/peripherals.o
                0x00005d80                LP_FLEXCOMM2_masterConfig
 .rodata.CTIMER4_config
                0x00005d9c        0x8 ./board/peripherals.o
                0x00005d9c                CTIMER4_config
 .rodata.CTIMER1_config
                0x00005da4        0x8 ./board/peripherals.o
                0x00005da4                CTIMER1_config
 .rodata.LP_FLEXCOMM0_masterConfig
                0x00005dac       0x1c ./board/peripherals.o
                0x00005dac                LP_FLEXCOMM0_masterConfig
 .rodata.PORT_SetPinConfig.str1.4
                0x00005dc8       0x47 ./board/pin_mux.o
 .rodata.__num_Ciob_streams
                0x00005dc8        0x4 C:/NXP/MCUXpressoIDE_25.6.136/ide/plugins/com.nxp.mcuxpresso.tools.win32_25.6.0.202501151204/tools/bin/../lib/gcc/arm-none-eabi/14.2.1/../../../../arm-none-eabi/lib/thumb/v8-m.main+fp/hard\libcr_semihost_nf.a(__ciob.o)
                0x00005dc8                __num_Ciob_streams
 .rodata._Csys_alloc.str1.1
                0x00005dcc       0x53 C:/NXP/MCUXpressoIDE_25.6.136/ide/plugins/com.nxp.mcuxpresso.tools.win32_25.6.0.202501151204/tools/bin/../lib/gcc/arm-none-eabi/14.2.1/../../../../arm-none-eabi/lib/thumb/v8-m.main+fp/hard\libcr_c.a(alloc.o)
                                 0x18 (size before relaxing)
 .rodata._initio.str1.1
                0x00005e1f        0x4 C:/NXP/MCUXpressoIDE_25.6.136/ide/plugins/com.nxp.mcuxpresso.tools.win32_25.6.0.202501151204/tools/bin/../lib/gcc/arm-none-eabi/14.2.1/../../../../arm-none-eabi/lib/thumb/v8-m.main+fp/hard\libcr_c.a(initio.o)
 .rodata.__vfprintf.str1.1
                0x00005e1f       0x38 C:/NXP/MCUXpressoIDE_25.6.136/ide/plugins/com.nxp.mcuxpresso.tools.win32_25.6.0.202501151204/tools/bin/../lib/gcc/arm-none-eabi/14.2.1/../../../../arm-none-eabi/lib/thumb/v8-m.main+fp/hard\libcr_c.a(printf.o)
                0x00005e58                        . = ALIGN (0x4)
 *fill*         0x00005e1f        0x1 ff

.glue_7         0x00005e20        0x0
 .glue_7        0x00005e20        0x0 linker stubs

.glue_7t        0x00005e20        0x0
 .glue_7t       0x00005e20        0x0 linker stubs

.vfp11_veneer   0x00005e20        0x0
 .vfp11_veneer  0x00005e20        0x0 linker stubs

.v4_bx          0x00005e20        0x0
 .v4_bx         0x00005e20        0x0 linker stubs

.iplt           0x00005e20        0x0
 .iplt          0x00005e20        0x0 ./utilities/fsl_assert.o

.rel.dyn        0x00005e20        0x0
 .rel.iplt      0x00005e20        0x0 ./utilities/fsl_assert.o

.ARM.extab
 *(SORT_BY_ALIGNMENT(.ARM.extab*) SORT_BY_ALIGNMENT(.gnu.linkonce.armextab.*))

.ARM.exidx      0x00005e20        0x0
                0x00005e20                        __exidx_start = .
 *(SORT_BY_ALIGNMENT(.ARM.exidx*) SORT_BY_ALIGNMENT(.gnu.linkonce.armexidx.*))
                0x00005e20                        __exidx_end = .
                0x00005e20                        _etext = .

.m_usb_data
 *(SORT_BY_ALIGNMENT(m_usb_global))

.data_RAM2      0x04000000        0x0 load address 0x00005e20
 FILL mask 0xff
                [!provide]                        PROVIDE (__start_data_RAM2 = .)
                [!provide]                        PROVIDE (__start_data_SRAMX = .)
 *(SORT_BY_ALIGNMENT(.ramfunc.$RAM2))
 *(SORT_BY_ALIGNMENT(.ramfunc.$SRAMX))
 *(SORT_BY_ALIGNMENT(.data.$RAM2))
 *(SORT_BY_ALIGNMENT(.data.$SRAMX))
 *(SORT_BY_ALIGNMENT(.data.$RAM2.*))
 *(SORT_BY_ALIGNMENT(.data.$SRAMX.*))
                0x04000000                        . = ALIGN (0x4)
                [!provide]                        PROVIDE (__end_data_RAM2 = .)
                [!provide]                        PROVIDE (__end_data_SRAMX = .)

.data_RAM3      0x20060000        0x0 load address 0x00005e20
 FILL mask 0xff
                [!provide]                        PROVIDE (__start_data_RAM3 = .)
                [!provide]                        PROVIDE (__start_data_SRAMH = .)
 *(SORT_BY_ALIGNMENT(.ramfunc.$RAM3))
 *(SORT_BY_ALIGNMENT(.ramfunc.$SRAMH))
 *(SORT_BY_ALIGNMENT(.data.$RAM3))
 *(SORT_BY_ALIGNMENT(.data.$SRAMH))
 *(SORT_BY_ALIGNMENT(.data.$RAM3.*))
 *(SORT_BY_ALIGNMENT(.data.$SRAMH.*))
                0x20060000                        . = ALIGN (0x4)
                [!provide]                        PROVIDE (__end_data_RAM3 = .)
                [!provide]                        PROVIDE (__end_data_SRAMH = .)

.data_RAM4      0x400ba000        0x0 load address 0x00005e20
 FILL mask 0xff
                [!provide]                        PROVIDE (__start_data_RAM4 = .)
                [!provide]                        PROVIDE (__start_data_USB_RAM = .)
 *(SORT_BY_ALIGNMENT(.ramfunc.$RAM4))
 *(SORT_BY_ALIGNMENT(.ramfunc.$USB_RAM))
 *(SORT_BY_ALIGNMENT(.data.$RAM4))
 *(SORT_BY_ALIGNMENT(.data.$USB_RAM))
 *(SORT_BY_ALIGNMENT(.data.$RAM4.*))
 *(SORT_BY_ALIGNMENT(.data.$USB_RAM.*))
                0x400ba000                        . = ALIGN (0x4)
                [!provide]                        PROVIDE (__end_data_RAM4 = .)
                [!provide]                        PROVIDE (__end_data_USB_RAM = .)

.uninit_RESERVED
                0x20000000        0x0
                0x20000000                        _start_uninit_RESERVED = .
 *(SORT_BY_ALIGNMENT(.bss.$RESERVED*))
                0x20000000                        . = ALIGN (0x4)
                0x20000000                        _end_uninit_RESERVED = .

.data           0x20000000       0x54 load address 0x00005e20
 FILL mask 0xff
                0x20000000                        _data = .
                [!provide]                        PROVIDE (__start_data_RAM = .)
                [!provide]                        PROVIDE (__start_data_SRAM = .)
 *(SORT_BY_ALIGNMENT(vtable))
 *(SORT_BY_ALIGNMENT(.ramfunc*))
 *(SORT_BY_ALIGNMENT(CodeQuickAccess))
 *(SORT_BY_ALIGNMENT(DataQuickAccess))
 *(SORT_BY_ALIGNMENT(RamFunction))
 *(SORT_BY_ALIGNMENT(.data*))
 .data.s_Ext_Clk_Freq
                0x20000000        0x4 ./drivers/fsl_clock.o
 .data.s_Xtal32_Freq
                0x20000004        0x4 ./drivers/fsl_clock.o
 .data.SystemCoreClock
                0x20000008        0x4 ./device/system_MCXN947_cm33_core0.o
                0x20000008                SystemCoreClock
 .data.DMA0_config
                0x2000000c       0x48 ./board/peripherals.o
                0x2000000c                DMA0_config
                0x20000054                        . = ALIGN (0x4)
                0x20000054                        _edata = .
                [!provide]                        PROVIDE (__end_data_RAM = .)
                [!provide]                        PROVIDE (__end_data_SRAM = .)

.igot.plt       0x20000054        0x0 load address 0x00005e74
 .igot.plt      0x20000054        0x0 ./utilities/fsl_assert.o

.bss_RAM2       0x04000000        0x0
                [!provide]                        PROVIDE (__start_bss_RAM2 = .)
                [!provide]                        PROVIDE (__start_bss_SRAMX = .)
 *(SORT_BY_ALIGNMENT(.bss.$RAM2))
 *(SORT_BY_ALIGNMENT(.bss.$SRAMX))
 *(SORT_BY_ALIGNMENT(.bss.$RAM2.*))
 *(SORT_BY_ALIGNMENT(.bss.$SRAMX.*))
                0x04000000                        . = ALIGN ((. != 0x0)?0x4:0x1)
                [!provide]                        PROVIDE (__end_bss_RAM2 = .)
                [!provide]                        PROVIDE (__end_bss_SRAMX = .)

.bss_RAM3       0x20060000        0x0
                [!provide]                        PROVIDE (__start_bss_RAM3 = .)
                [!provide]                        PROVIDE (__start_bss_SRAMH = .)
 *(SORT_BY_ALIGNMENT(.bss.$RAM3))
 *(SORT_BY_ALIGNMENT(.bss.$SRAMH))
 *(SORT_BY_ALIGNMENT(.bss.$RAM3.*))
 *(SORT_BY_ALIGNMENT(.bss.$SRAMH.*))
                0x20060000                        . = ALIGN ((. != 0x0)?0x4:0x1)
                [!provide]                        PROVIDE (__end_bss_RAM3 = .)
                [!provide]                        PROVIDE (__end_bss_SRAMH = .)

.bss_RAM4       0x400ba000        0x0
                [!provide]                        PROVIDE (__start_bss_RAM4 = .)
                [!provide]                        PROVIDE (__start_bss_USB_RAM = .)
 *(SORT_BY_ALIGNMENT(.bss.$RAM4))
 *(SORT_BY_ALIGNMENT(.bss.$USB_RAM))
 *(SORT_BY_ALIGNMENT(.bss.$RAM4.*))
 *(SORT_BY_ALIGNMENT(.bss.$USB_RAM.*))
                0x400ba000                        . = ALIGN ((. != 0x0)?0x4:0x1)
                [!provide]                        PROVIDE (__end_bss_RAM4 = .)
                [!provide]                        PROVIDE (__end_bss_USB_RAM = .)

.bss            0x20000054      0x3c4
                0x20000054                        _bss = .
                [!provide]                        PROVIDE (__start_bss_RAM = .)
                [!provide]                        PROVIDE (__start_bss_SRAM = .)
 *(SORT_BY_ALIGNMENT(.bss*))
 .bss.g_hbridge
                0x20000054       0x18 ./source/hbridge.o
                0x20000054                g_hbridge
 .bss.s_ctimerCallback
                0x2000006c       0x14 ./drivers/fsl_ctimer.o
 .bss.ctimerCallbackType
                0x20000080        0x5 ./drivers/fsl_ctimer.o
 *fill*         0x20000085        0x3 
 .bss.s_EDMAHandle
                0x20000088       0x80 ./drivers/fsl_edma.o
 .bss.s_lpflexcommIrqHandler
                0x20000108       0xa0 ./drivers/fsl_lpflexcomm.o
 .bss.s_lpflexcommHandle
                0x200001a8       0xa0 ./drivers/fsl_lpflexcomm.o
 .bss.s_lpi2cMasterIsr
                0x20000248        0x4 ./drivers/fsl_lpi2c.o
                0x20000248                s_lpi2cMasterIsr
 .bss.s_lpi2cMasterHandle
                0x2000024c       0x28 ./drivers/fsl_lpi2c.o
                0x2000024c                s_lpi2cMasterHandle
 .bss.LP_FLEXCOMM2_RX_Handle
                0x20000274       0x20 ./board/peripherals.o
                0x20000274                LP_FLEXCOMM2_RX_Handle
 .bss.LP_FLEXCOMM2_TX_Handle
                0x20000294       0x20 ./board/peripherals.o
                0x20000294                LP_FLEXCOMM2_TX_Handle
 .bss.LP_FLEXCOMM2_master_handle
                0x200002b4       0xa4 ./board/peripherals.o
                0x200002b4                LP_FLEXCOMM2_master_handle
 .bss.errno     0x20000358        0x4 C:/NXP/MCUXpressoIDE_25.6.136/ide/plugins/com.nxp.mcuxpresso.tools.win32_25.6.0.202501151204/tools/bin/../lib/gcc/arm-none-eabi/14.2.1/../../../../arm-none-eabi/lib/thumb/v8-m.main+fp/hard\libcr_c.a(errno.o)
                0x20000358                errno
 .bss.__end_of_heap
                0x2000035c        0x4 C:/NXP/MCUXpressoIDE_25.6.136/ide/plugins/com.nxp.mcuxpresso.tools.win32_25.6.0.202501151204/tools/bin/../lib/gcc/arm-none-eabi/14.2.1/../../../../arm-none-eabi/lib/thumb/v8-m.main+fp/hard\libcr_c.a(__init_alloc.o)
                0x2000035c                __end_of_heap
 .bss.__heaps   0x20000360        0x4 C:/NXP/MCUXpressoIDE_25.6.136/ide/plugins/com.nxp.mcuxpresso.tools.win32_25.6.0.202501151204/tools/bin/../lib/gcc/arm-none-eabi/14.2.1/../../../../arm-none-eabi/lib/thumb/v8-m.main+fp/hard\libcr_c.a(__init_alloc.o)
                0x20000360                __heaps
 .bss.__Ciob    0x20000364       0xb4 C:/NXP/MCUXpressoIDE_25.6.136/ide/plugins/com.nxp.mcuxpresso.tools.win32_25.6.0.202501151204/tools/bin/../lib/gcc/arm-none-eabi/14.2.1/../../../../arm-none-eabi/lib/thumb/v8-m.main+fp/hard\libcr_semihost_nf.a(__ciob.o)
                0x20000364                __Ciob
 *(SORT_BY_ALIGNMENT(COMMON))
                0x20000418                        . = ALIGN (0x4)
                0x20000418                        _ebss = .
                [!provide]                        PROVIDE (__end_bss_RAM = .)
                [!provide]                        PROVIDE (__end_bss_SRAM = .)
                [!provide]                        PROVIDE (end = .)

.noinit_RAM2    0x04000000        0x0
                [!provide]                        PROVIDE (__start_noinit_RAM2 = .)
                [!provide]                        PROVIDE (__start_noinit_SRAMX = .)
 *(SORT_BY_ALIGNMENT(.noinit.$RAM2))
 *(SORT_BY_ALIGNMENT(.noinit.$SRAMX))
 *(SORT_BY_ALIGNMENT(.noinit.$RAM2.*))
 *(SORT_BY_ALIGNMENT(.noinit.$SRAMX.*))
                0x04000000                        . = ALIGN (0x4)
                [!provide]                        PROVIDE (__end_noinit_RAM2 = .)
                [!provide]                        PROVIDE (__end_noinit_SRAMX = .)

.noinit_RAM3    0x20060000        0x0
                [!provide]                        PROVIDE (__start_noinit_RAM3 = .)
                [!provide]                        PROVIDE (__start_noinit_SRAMH = .)
 *(SORT_BY_ALIGNMENT(.noinit.$RAM3))
 *(SORT_BY_ALIGNMENT(.noinit.$SRAMH))
 *(SORT_BY_ALIGNMENT(.noinit.$RAM3.*))
 *(SORT_BY_ALIGNMENT(.noinit.$SRAMH.*))
                0x20060000                        . = ALIGN (0x4)
                [!provide]                        PROVIDE (__end_noinit_RAM3 = .)
                [!provide]                        PROVIDE (__end_noinit_SRAMH = .)

.noinit_RAM4    0x400ba000        0x0
                [!provide]                        PROVIDE (__start_noinit_RAM4 = .)
                [!provide]                        PROVIDE (__start_noinit_USB_RAM = .)
 *(SORT_BY_ALIGNMENT(.noinit.$RAM4))
 *(SORT_BY_ALIGNMENT(.noinit.$USB_RAM))
 *(SORT_BY_ALIGNMENT(.noinit.$RAM4.*))